Archive member included to satisfy reference by file (symbol)

C:\Users\chris\Documents\MCUXpressoIDE_11.1.1_3241\workspace\lpc_board_nxp_lpcxpresso_1343\Debug\liblpc_board_nxp_lpcxpresso_1343.a(board.o)
                              ./src/main.o (Board_LED_Set)
C:\Users\chris\Documents\MCUXpressoIDE_11.1.1_3241\workspace\lpc_board_nxp_lpcxpresso_1343\Debug\liblpc_board_nxp_lpcxpresso_1343.a(board_sysinit.o)
                              ./src/sysinit.o (Board_SystemInit)
C:\Users\chris\Documents\MCUXpressoIDE_11.1.1_3241\workspace\lpc_chip_13xx\Debug\liblpc_chip_13xx.a(chip_13xx.o)
                              ./src/main.o (SystemCoreClockUpdate)
C:\Users\chris\Documents\MCUXpressoIDE_11.1.1_3241\workspace\lpc_chip_13xx\Debug\liblpc_chip_13xx.a(clock_13xx.o)
                              C:\Users\chris\Documents\MCUXpressoIDE_11.1.1_3241\workspace\lpc_chip_13xx\Debug\liblpc_chip_13xx.a(chip_13xx.o) (Chip_Clock_SetUSBPLLSource)
C:\Users\chris\Documents\MCUXpressoIDE_11.1.1_3241\workspace\lpc_chip_13xx\Debug\liblpc_chip_13xx.a(gpio_13xx_2.o)
                              C:\Users\chris\Documents\MCUXpressoIDE_11.1.1_3241\workspace\lpc_board_nxp_lpcxpresso_1343\Debug\liblpc_board_nxp_lpcxpresso_1343.a(board.o) (Chip_GPIO_Init)
C:\Users\chris\Documents\MCUXpressoIDE_11.1.1_3241\workspace\lpc_chip_13xx\Debug\liblpc_chip_13xx.a(sysctl_13xx.o)
                              C:\Users\chris\Documents\MCUXpressoIDE_11.1.1_3241\workspace\lpc_chip_13xx\Debug\liblpc_chip_13xx.a(chip_13xx.o) (Chip_SYSCTL_PowerUp)
C:\Users\chris\Documents\MCUXpressoIDE_11.1.1_3241\workspace\lpc_chip_13xx\Debug\liblpc_chip_13xx.a(sysinit_13xx.o)
                              C:\Users\chris\Documents\MCUXpressoIDE_11.1.1_3241\workspace\lpc_board_nxp_lpcxpresso_1343\Debug\liblpc_board_nxp_lpcxpresso_1343.a(board_sysinit.o) (Chip_SetupXtalClocking)
c:/nxp/mcuxpressoide_11.1.1_3241/ide/plugins/com.nxp.mcuxpresso.tools.win32_11.1.0.202001081728/tools/bin/../lib/gcc/arm-none-eabi/8.3.1/../../../../arm-none-eabi/lib/thumb/v7-m/nofp\libcr_c.a(__weak__main.o)
                              ./src/cr_startup_lpc13xx.o (__main)
c:/nxp/mcuxpressoide_11.1.1_3241/ide/plugins/com.nxp.mcuxpresso.tools.win32_11.1.0.202001081728/tools/bin/../lib/gcc/arm-none-eabi/8.3.1/thumb/v7-m/nofp\libcr_eabihelpers.a(double.o)
                              ./lpc1343_timer/src/timer.o (__aeabi_dmul)

Allocating common symbols
Common symbol       size              file

SystemCoreClock     0x4               C:\Users\chris\Documents\MCUXpressoIDE_11.1.1_3241\workspace\lpc_chip_13xx\Debug\liblpc_chip_13xx.a(chip_13xx.o)

Discarded input sections

 .group         0x00000000        0xc ./src/cr_startup_lpc13xx.o
 .text          0x00000000        0x0 ./src/cr_startup_lpc13xx.o
 .data          0x00000000        0x0 ./src/cr_startup_lpc13xx.o
 .bss           0x00000000        0x0 ./src/cr_startup_lpc13xx.o
 .group         0x00000000        0xc ./src/crp.o
 .group         0x00000000        0xc ./src/crp.o
 .text          0x00000000        0x0 ./src/crp.o
 .data          0x00000000        0x0 ./src/crp.o
 .bss           0x00000000        0x0 ./src/crp.o
 .debug_macro   0x00000000      0xaa8 ./src/crp.o
 .group         0x00000000        0xc ./src/main.o
 .group         0x00000000        0xc ./src/main.o
 .group         0x00000000        0xc ./src/main.o
 .group         0x00000000        0xc ./src/main.o
 .group         0x00000000        0xc ./src/main.o
 .group         0x00000000        0xc ./src/main.o
 .group         0x00000000        0xc ./src/main.o
 .group         0x00000000        0xc ./src/main.o
 .group         0x00000000        0xc ./src/main.o
 .group         0x00000000        0xc ./src/main.o
 .group         0x00000000        0xc ./src/main.o
 .group         0x00000000        0xc ./src/main.o
 .group         0x00000000        0xc ./src/main.o
 .group         0x00000000        0xc ./src/main.o
 .group         0x00000000        0xc ./src/main.o
 .group         0x00000000        0xc ./src/main.o
 .group         0x00000000        0xc ./src/main.o
 .group         0x00000000        0xc ./src/main.o
 .group         0x00000000        0xc ./src/main.o
 .group         0x00000000        0xc ./src/main.o
 .group         0x00000000        0xc ./src/main.o
 .group         0x00000000        0xc ./src/main.o
 .group         0x00000000        0xc ./src/main.o
 .group         0x00000000        0xc ./src/main.o
 .group         0x00000000        0xc ./src/main.o
 .group         0x00000000        0xc ./src/main.o
 .group         0x00000000        0xc ./src/main.o
 .group         0x00000000        0xc ./src/main.o
 .group         0x00000000        0xc ./src/main.o
 .text          0x00000000        0x0 ./src/main.o
 .data          0x00000000        0x0 ./src/main.o
 .bss           0x00000000        0x0 ./src/main.o
 .debug_macro   0x00000000      0xaa8 ./src/main.o
 .group         0x00000000        0xc ./src/sysinit.o
 .group         0x00000000        0xc ./src/sysinit.o
[...]
Memory Configuration

Name             Origin             Length             Attributes
MFlash32         0x00000000         0x00008000         xr
RamLoc8          0x10000000         0x00002000         xrw
*default*        0x00000000         0xffffffff

Linker script and memory map

LOAD ./src/cr_startup_lpc13xx.o
LOAD ./src/crp.o
LOAD ./src/main.o
LOAD ./src/sysinit.o
LOAD ./lpc1343_timer/src/timer.o
LOAD ./lpc1343_gpio/src/gpio.o
LOAD C:\Users\chris\Documents\MCUXpressoIDE_11.1.1_3241\workspace\lpc_board_nxp_lpcxpresso_1343\Debug\liblpc_board_nxp_lpcxpresso_1343.a
LOAD C:\Users\chris\Documents\MCUXpressoIDE_11.1.1_3241\workspace\lpc_chip_13xx\Debug\liblpc_chip_13xx.a
START GROUP
LOAD c:/nxp/mcuxpressoide_11.1.1_3241/ide/plugins/com.nxp.mcuxpresso.tools.win32_11.1.0.202001081728/tools/bin/../lib/gcc/arm-none-eabi/8.3.1/../../../../arm-none-eabi/lib/thumb/v7-m/nofp\libcr_c.a
LOAD c:/nxp/mcuxpressoide_11.1.1_3241/ide/plugins/com.nxp.mcuxpresso.tools.win32_11.1.0.202001081728/tools/bin/../lib/gcc/arm-none-eabi/8.3.1/thumb/v7-m/nofp\libcr_eabihelpers.a
LOAD c:/nxp/mcuxpressoide_11.1.1_3241/ide/plugins/com.nxp.mcuxpresso.tools.win32_11.1.0.202001081728/tools/bin/../lib/gcc/arm-none-eabi/8.3.1/thumb/v7-m/nofp\libgcc.a
END GROUP
                0x00000000                __base_MFlash32 = 0x0
                0x00000000                __base_Flash = 0x0
                0x00008000                __top_MFlash32 = 0x8000
                0x00008000                __top_Flash = 0x8000
                0x10000000                __base_RamLoc8 = 0x10000000
                0x10000000                __base_RAM = 0x10000000
                0x10002000                __top_RamLoc8 = 0x10002000
                0x10002000                __top_RAM = 0x10002000

.text           0x00000000      0xb00
 FILL mask 0xff
                0x00000000                __vectors_start__ = ABSOLUTE (.)
 *(.isr_vector)
 .isr_vector    0x00000000      0x128 ./src/cr_startup_lpc13xx.o
                0x00000000                g_pfnVectors
                0x00000128                . = ALIGN (0x4)
                0x00000128                __section_table_start = .
                0x00000128                __data_section_table = .
                0x00000128        0x4 LONG 0xb00 LOADADDR (.data)
                0x0000012c        0x4 LONG 0x10000000 ADDR (.data)
                0x00000130        0x4 LONG 0x0 SIZEOF (.data)
                0x00000134                __data_section_table_end = .
                0x00000134                __bss_section_table = .
                0x00000134        0x4 LONG 0x10000000 ADDR (.bss)
                0x00000138        0x4 LONG 0x8 SIZEOF (.bss)
                0x0000013c                __bss_section_table_end = .
                0x0000013c                __section_table_end = .
 *(.after_vectors*)
 .after_vectors
                0x0000013c      0x13c ./src/cr_startup_lpc13xx.o
                0x0000013c                data_init
                0x0000017e                bss_init
                0x000001b4                ResetISR
                0x0000023c                NMI_Handler
                0x00000242                HardFault_Handler
                0x00000248                MemManage_Handler
                0x0000024e                BusFault_Handler
                0x00000254                UsageFault_Handler
                0x0000025a                SVC_Handler
                0x00000260                DebugMon_Handler
                0x00000266                PendSV_Handler
                0x0000026c                SysTick_Handler
                0x00000272                USB_FIQHandler
                0x00000272                IntDefaultHandler
                0x00000272                SSP1_IRQHandler
                0x00000272                PIOINT2_IRQHandler
                0x00000272                USB_IRQHandler
                0x00000272                PIOINT1_IRQHandler
                0x00000272                WAKEUP_IRQHandler
                0x00000272                PIOINT0_IRQHandler
                0x00000272                I2C_IRQHandler
                0x00000272                UART_IRQHandler
                0x00000272                WDT_IRQHandler
                0x00000272                BOD_IRQHandler
                0x00000272                SSP0_IRQHandler
                0x00000272                PIOINT3_IRQHandler
                0x00000272                ADC_IRQHandler
                0x00000272                FMC_IRQHandler
                0x000002fc                . = 0x2fc
 *fill*         0x00000278       0x84 ff
                0x000002fc                PROVIDE (__CRP_WORD_START__ = .)
 *(.crp)
 .crp           0x000002fc        0x4 ./src/crp.o
                0x000002fc                CRP_WORD
                0x00000300                PROVIDE (__CRP_WORD_END__ = .)
                0x00000001                ASSERT (! ((__CRP_WORD_START__ == __CRP_WORD_END__)), Linker CRP Enabled, but no CRP_WORD provided within application)
 *(.text*)
 .text.main     0x00000300       0x28 ./src/main.o
                0x00000300                main
 .text.SystemInit
                0x00000328        0xc ./src/sysinit.o
                0x00000328                SystemInit
 .text.NVIC_ClearPendingIRQ
                0x00000334       0x34 ./lpc1343_timer/src/timer.o
 .text.TIMER_start
                0x00000368       0x26 ./lpc1343_timer/src/timer.o
                0x00000368                TIMER_start
 *fill*         0x0000038e        0x2 ff
 .text.TIMER16_0_IRQHandler
                0x00000390       0x20 ./lpc1343_timer/src/timer.o
                0x00000390                TIMER16_0_IRQHandler
 .text.TIMER16_1_IRQHandler
                0x000003b0       0x20 ./lpc1343_timer/src/timer.o
                0x000003b0                TIMER16_1_IRQHandler
 .text.TIMER32_0_IRQHandler
                0x000003d0       0x94 ./lpc1343_timer/src/timer.o
                0x000003d0                TIMER32_0_IRQHandler
 .text.TIMER32_1_IRQHandler
                0x00000464       0x60 ./lpc1343_timer/src/timer.o
                0x00000464                TIMER32_1_IRQHandler
 .text.Chip_GPIO_WritePortBit
                0x000004c4       0x3e C:\Users\chris\Documents\MCUXpressoIDE_11.1.1_3241\workspace\lpc_board_nxp_lpcxpresso_1343\Debug\liblpc_board_nxp_lpcxpresso_1343.a(board.o)
 .text.Board_LED_Init
                0x00000502       0x16 C:\Users\chris\Documents\MCUXpressoIDE_11.1.1_3241\workspace\lpc_board_nxp_lpcxpresso_1343\Debug\liblpc_board_nxp_lpcxpresso_1343.a(board.o)
 .text.Board_LED_Set
                0x00000518       0x2c C:\Users\chris\Documents\MCUXpressoIDE_11.1.1_3241\workspace\lpc_board_nxp_lpcxpresso_1343\Debug\liblpc_board_nxp_lpcxpresso_1343.a(board.o)
                0x00000518                Board_LED_Set
 .text.Board_Init
                0x00000544       0x14 C:\Users\chris\Documents\MCUXpressoIDE_11.1.1_3241\workspace\lpc_board_nxp_lpcxpresso_1343\Debug\liblpc_board_nxp_lpcxpresso_1343.a(board.o)
                0x00000544                Board_Init
 .text.Chip_SYSCTL_Map
                0x00000558       0x20 C:\Users\chris\Documents\MCUXpressoIDE_11.1.1_3241\workspace\lpc_board_nxp_lpcxpresso_1343\Debug\liblpc_board_nxp_lpcxpresso_1343.a(board_sysinit.o)
 .text.Chip_Clock_EnablePeriphClock
                0x00000578       0x30 C:\Users\chris\Documents\MCUXpressoIDE_11.1.1_3241\workspace\lpc_board_nxp_lpcxpresso_1343\Debug\liblpc_board_nxp_lpcxpresso_1343.a(board_sysinit.o)
 .text.Chip_IOCON_PinMuxSet
                0x000005a8       0x22 C:\Users\chris\Documents\MCUXpressoIDE_11.1.1_3241\workspace\lpc_board_nxp_lpcxpresso_1343\Debug\liblpc_board_nxp_lpcxpresso_1343.a(board_sysinit.o)
 .text.Chip_IOCON_SetPinMuxing
                0x000005ca       0x48 C:\Users\chris\Documents\MCUXpressoIDE_11.1.1_3241\workspace\lpc_board_nxp_lpcxpresso_1343\Debug\liblpc_board_nxp_lpcxpresso_1343.a(board_sysinit.o)
 *fill*         0x00000612        0x2 ff
 .text.Board_SetupMuxing
                0x00000614       0x20 C:\Users\chris\Documents\MCUXpressoIDE_11.1.1_3241\workspace\lpc_board_nxp_lpcxpresso_1343\Debug\liblpc_board_nxp_lpcxpresso_1343.a(board_sysinit.o)
                0x00000614                Board_SetupMuxing
 .text.Board_SetupClocking
                0x00000634        0xc C:\Users\chris\Documents\MCUXpressoIDE_11.1.1_3241\workspace\lpc_board_nxp_lpcxpresso_1343\Debug\liblpc_board_nxp_lpcxpresso_1343.a(board_sysinit.o)
                0x00000634                Board_SetupClocking
 .text.Board_SystemInit
                0x00000640       0x16 C:\Users\chris\Documents\MCUXpressoIDE_11.1.1_3241\workspace\lpc_board_nxp_lpcxpresso_1343\Debug\liblpc_board_nxp_lpcxpresso_1343.a(board_sysinit.o)
                0x00000640                Board_SystemInit
 *fill*         0x00000656        0x2 ff
 .text.SystemCoreClockUpdate
                0x00000658       0x18 C:\Users\chris\Documents\MCUXpressoIDE_11.1.1_3241\workspace\lpc_chip_13xx\Debug\liblpc_chip_13xx.a(chip_13xx.o)
                0x00000658                SystemCoreClockUpdate
 .text.Chip_Clock_GetMainOscRate
                0x00000670       0x14 C:\Users\chris\Documents\MCUXpressoIDE_11.1.1_3241\workspace\lpc_chip_13xx\Debug\liblpc_chip_13xx.a(clock_13xx.o)
 .text.Chip_Clock_GetIntOscRate
                0x00000684       0x14 C:\Users\chris\Documents\MCUXpressoIDE_11.1.1_3241\workspace\lpc_chip_13xx\Debug\liblpc_chip_13xx.a(clock_13xx.o)
 .text.Chip_Clock_GetWDTLFORate
                0x00000698       0x3c C:\Users\chris\Documents\MCUXpressoIDE_11.1.1_3241\workspace\lpc_chip_13xx\Debug\liblpc_chip_13xx.a(clock_13xx.o)
 .text.Chip_Clock_GetPLLFreq
                0x000006d4       0x26 C:\Users\chris\Documents\MCUXpressoIDE_11.1.1_3241\workspace\lpc_chip_13xx\Debug\liblpc_chip_13xx.a(clock_13xx.o)
 *fill*         0x000006fa        0x2 ff
 .text.Chip_Clock_SetSystemPLLSource
                0x000006fc       0x2c C:\Users\chris\Documents\MCUXpressoIDE_11.1.1_3241\workspace\lpc_chip_13xx\Debug\liblpc_chip_13xx.a(clock_13xx.o)
                0x000006fc                Chip_Clock_SetSystemPLLSource
 .text.Chip_Clock_SetMainClockSource
                0x00000728       0x2c C:\Users\chris\Documents\MCUXpressoIDE_11.1.1_3241\workspace\lpc_chip_13xx\Debug\liblpc_chip_13xx.a(clock_13xx.o)
                0x00000728                Chip_Clock_SetMainClockSource
 .text.Chip_Clock_GetWDTOSCRate
                0x00000754       0x18 C:\Users\chris\Documents\MCUXpressoIDE_11.1.1_3241\workspace\lpc_chip_13xx\Debug\liblpc_chip_13xx.a(clock_13xx.o)
                0x00000754                Chip_Clock_GetWDTOSCRate
 .text.Chip_Clock_GetSystemPLLInClockRate
                0x0000076c       0x3c C:\Users\chris\Documents\MCUXpressoIDE_11.1.1_3241\workspace\lpc_chip_13xx\Debug\liblpc_chip_13xx.a(clock_13xx.o)
                0x0000076c                Chip_Clock_GetSystemPLLInClockRate
 .text.Chip_Clock_GetSystemPLLOutClockRate
                0x000007a8       0x20 C:\Users\chris\Documents\MCUXpressoIDE_11.1.1_3241\workspace\lpc_chip_13xx\Debug\liblpc_chip_13xx.a(clock_13xx.o)
                0x000007a8                Chip_Clock_GetSystemPLLOutClockRate
 .text.Chip_Clock_GetMainClockRate
                0x000007c8       0x60 C:\Users\chris\Documents\MCUXpressoIDE_11.1.1_3241\workspace\lpc_chip_13xx\Debug\liblpc_chip_13xx.a(clock_13xx.o)
                0x000007c8                Chip_Clock_GetMainClockRate
 .text.Chip_Clock_GetSystemClockRate
                0x00000828       0x1c C:\Users\chris\Documents\MCUXpressoIDE_11.1.1_3241\workspace\lpc_chip_13xx\Debug\liblpc_chip_13xx.a(clock_13xx.o)
                0x00000828                Chip_Clock_GetSystemClockRate
 .text.Chip_Clock_EnablePeriphClock
                0x00000844       0x30 C:\Users\chris\Documents\MCUXpressoIDE_11.1.1_3241\workspace\lpc_chip_13xx\Debug\liblpc_chip_13xx.a(gpio_13xx_2.o)
 .text.Chip_GPIO_Init
                0x00000874       0x16 C:\Users\chris\Documents\MCUXpressoIDE_11.1.1_3241\workspace\lpc_chip_13xx\Debug\liblpc_chip_13xx.a(gpio_13xx_2.o)
                0x00000874                Chip_GPIO_Init
 .text.Chip_GPIO_WriteDirBit
                0x0000088a       0x74 C:\Users\chris\Documents\MCUXpressoIDE_11.1.1_3241\workspace\lpc_chip_13xx\Debug\liblpc_chip_13xx.a(gpio_13xx_2.o)
                0x0000088a                Chip_GPIO_WriteDirBit
 *fill*         0x000008fe        0x2 ff
 .text.Chip_SYSCTL_PowerDown
                0x00000900       0x40 C:\Users\chris\Documents\MCUXpressoIDE_11.1.1_3241\workspace\lpc_chip_13xx\Debug\liblpc_chip_13xx.a(sysctl_13xx.o)
                0x00000900                Chip_SYSCTL_PowerDown
 .text.Chip_SYSCTL_PowerUp
                0x00000940       0x40 C:\Users\chris\Documents\MCUXpressoIDE_11.1.1_3241\workspace\lpc_chip_13xx\Debug\liblpc_chip_13xx.a(sysctl_13xx.o)
                0x00000940                Chip_SYSCTL_PowerUp
 .text.Chip_Clock_SetupSystemPLL
                0x00000980       0x34 C:\Users\chris\Documents\MCUXpressoIDE_11.1.1_3241\workspace\lpc_chip_13xx\Debug\liblpc_chip_13xx.a(sysinit_13xx.o)
 .text.Chip_Clock_IsSystemPLLLocked
                0x000009b4       0x24 C:\Users\chris\Documents\MCUXpressoIDE_11.1.1_3241\workspace\lpc_chip_13xx\Debug\liblpc_chip_13xx.a(sysinit_13xx.o)
 .text.Chip_Clock_SetSysClockDiv
                0x000009d8       0x1c C:\Users\chris\Documents\MCUXpressoIDE_11.1.1_3241\workspace\lpc_chip_13xx\Debug\liblpc_chip_13xx.a(sysinit_13xx.o)
 .text.Chip_FMC_SetFLASHAccess
                0x000009f4       0x2c C:\Users\chris\Documents\MCUXpressoIDE_11.1.1_3241\workspace\lpc_chip_13xx\Debug\liblpc_chip_13xx.a(sysinit_13xx.o)
 .text.Chip_SetupXtalClocking
                0x00000a20       0x66 C:\Users\chris\Documents\MCUXpressoIDE_11.1.1_3241\workspace\lpc_chip_13xx\Debug\liblpc_chip_13xx.a(sysinit_13xx.o)
                0x00000a20                Chip_SetupXtalClocking
 .text.__weak_main
                0x00000a86        0x4 c:/nxp/mcuxpressoide_11.1.1_3241/ide/plugins/com.nxp.mcuxpresso.tools.win32_11.1.0.202001081728/tools/bin/../lib/gcc/arm-none-eabi/8.3.1/../../../../arm-none-eabi/lib/thumb/v7-m/nofp\libcr_c.a(__weak__main.o)
                0x00000a86                __weak_main
                0x00000a86                __main
 *(.rodata .rodata.* .constdata .constdata.*)
 *fill*         0x00000a8a        0x2 ff
 .rodata.OscRateIn
                0x00000a8c        0x4 C:\Users\chris\Documents\MCUXpressoIDE_11.1.1_3241\workspace\lpc_board_nxp_lpcxpresso_1343\Debug\liblpc_board_nxp_lpcxpresso_1343.a(board.o)
                0x00000a8c                OscRateIn
 .rodata.pinmuxing
                0x00000a90       0x30 C:\Users\chris\Documents\MCUXpressoIDE_11.1.1_3241\workspace\lpc_board_nxp_lpcxpresso_1343\Debug\liblpc_board_nxp_lpcxpresso_1343.a(board_sysinit.o)
 .rodata.wdtOSCRate
                0x00000ac0       0x40 C:\Users\chris\Documents\MCUXpressoIDE_11.1.1_3241\workspace\lpc_chip_13xx\Debug\liblpc_chip_13xx.a(clock_13xx.o)
                0x00000b00                . = ALIGN (0x4)

.glue_7         0x00000b00        0x0
 .glue_7        0x00000b00        0x0 linker stubs

.glue_7t        0x00000b00        0x0
 .glue_7t       0x00000b00        0x0 linker stubs

.vfp11_veneer   0x00000b00        0x0
 .vfp11_veneer  0x00000b00        0x0 linker stubs

.v4_bx          0x00000b00        0x0
 .v4_bx         0x00000b00        0x0 linker stubs

.iplt           0x00000b00        0x0
 .iplt          0x00000b00        0x0 ./src/cr_startup_lpc13xx.o

.rel.dyn        0x00000b00        0x0
 .rel.iplt      0x00000b00        0x0 ./src/cr_startup_lpc13xx.o

.ARM.extab
 *(.ARM.extab* .gnu.linkonce.armextab.*)

.ARM.exidx      0x00000b00        0x0
                0x00000b00                __exidx_start = .
 *(.ARM.exidx* .gnu.linkonce.armexidx.*)
                0x00000b00                __exidx_end = .
                0x00000b00                _etext = .

.uninit_RESERVED
                0x10000000        0x0
                0x10000000                _start_uninit_RESERVED = .
 *(.bss.$RESERVED*)
                0x10000000                . = ALIGN (0x4)
                0x10000000                _end_uninit_RESERVED = .

.data           0x10000000        0x0 load address 0x00000b00
 FILL mask 0xff
                0x10000000                _data = .
                [!provide]                PROVIDE (__start_data_RAM = .)
                [!provide]                PROVIDE (__start_data_RamLoc8 = .)
 *(vtable)
 *(.ramfunc*)
 *(CodeQuickAccess)
 *(DataQuickAccess)
 *(RamFunction)
 *(.data*)
                0x10000000                . = ALIGN (0x4)
                0x10000000                _edata = .
                [!provide]                PROVIDE (__end_data_RAM = .)
                [!provide]                PROVIDE (__end_data_RamLoc8 = .)

.igot.plt       0x10000000        0x0 load address 0x00000b00
 .igot.plt      0x10000000        0x0 ./src/cr_startup_lpc13xx.o

.bss            0x10000000        0x8
                0x10000000                _bss = .
                [!provide]                PROVIDE (__start_bss_RAM = .)
                [!provide]                PROVIDE (__start_bss_RamLoc8 = .)
 *(.bss*)
 .bss.i.6304    0x10000000        0x4 ./src/main.o
 *(COMMON)
 COMMON         0x10000004        0x4 C:\Users\chris\Documents\MCUXpressoIDE_11.1.1_3241\workspace\lpc_chip_13xx\Debug\liblpc_chip_13xx.a(chip_13xx.o)
                0x10000004                SystemCoreClock
                0x10000008                . = ALIGN (0x4)
                0x10000008                _ebss = .
                [!provide]                PROVIDE (__end_bss_RAM = .)
                [!provide]                PROVIDE (__end_bss_RamLoc8 = .)
                [!provide]                PROVIDE (end = .)

.noinit         0x10000008        0x0
                0x10000008                _noinit = .
                [!provide]                PROVIDE (__start_noinit_RAM = .)
                [!provide]                PROVIDE (__start_noinit_RamLoc8 = .)
 *(.noinit*)
                0x10000008                . = ALIGN (0x4)
                0x10000008                _end_noinit = .
                [!provide]                PROVIDE (__end_noinit_RAM = .)
                [!provide]                PROVIDE (__end_noinit_RamLoc8 = .)
                [!provide]                PROVIDE (_pvHeapStart = DEFINED (__user_heap_base)?__user_heap_base:.)
                0x10002000                PROVIDE (_vStackTop = DEFINED (__user_stack_top)?__user_stack_top:(__top_RamLoc8 - 0x0))
                0xefffd2de                PROVIDE (__valid_user_code_checksum = (0x0 - ((((((_vStackTop + (ResetISR + 0x1)) + (NMI_Handler + 0x1)) + (HardFault_Handler + 0x1)) + (DEFINED (MemManage_Handler)?MemManage_Handler:0x0 + 0x1)) + (DEFINED (BusFault_Handler)?BusFault_Handler:0x0 + 0x1)) + (DEFINED (UsageFault_Handler)?UsageFault_Handler:0x0 + 0x1))))
                0x00000000                _image_start = LOADADDR (.text)
                0x00000b00                _image_end = (LOADADDR (.data) + SIZEOF (.data))
                0x00000b00                _image_size = (_image_end - _image_start)
OUTPUT(lpc1343.axf elf32-littlearm)

.debug_info     0x00000000     0x5384
 .debug_info    0x00000000      0x297 ./src/cr_startup_lpc13xx.o
 .debug_info    0x00000297       0x40 ./src/crp.o
 .debug_info    0x000002d7      0x246 ./src/main.o
 .debug_info    0x0000051d      0x22c ./src/sysinit.o
 .debug_info    0x00000749      0xeb4 ./lpc1343_timer/src/timer.o
 .debug_info    0x000015fd      0x96c C:\Users\chris\Documents\MCUXpressoIDE_11.1.1_3241\workspace\lpc_board_nxp_lpcxpresso_1343\Debug\liblpc_board_nxp_lpcxpresso_1343.a(board.o)
 .debug_info    0x00001f69      0xa02 C:\Users\chris\Documents\MCUXpressoIDE_11.1.1_3241\workspace\lpc_board_nxp_lpcxpresso_1343\Debug\liblpc_board_nxp_lpcxpresso_1343.a(board_sysinit.o)
 .debug_info    0x0000296b      0x629 C:\Users\chris\Documents\MCUXpressoIDE_11.1.1_3241\workspace\lpc_chip_13xx\Debug\liblpc_chip_13xx.a(chip_13xx.o)
 .debug_info    0x00002f94      0x9f0 C:\Users\chris\Documents\MCUXpressoIDE_11.1.1_3241\workspace\lpc_chip_13xx\Debug\liblpc_chip_13xx.a(clock_13xx.o)
 .debug_info    0x00003984      0xc24 C:\Users\chris\Documents\MCUXpressoIDE_11.1.1_3241\workspace\lpc_chip_13xx\Debug\liblpc_chip_13xx.a(gpio_13xx_2.o)
 .debug_info    0x000045a8      0x60b C:\Users\chris\Documents\MCUXpressoIDE_11.1.1_3241\workspace\lpc_chip_13xx\Debug\liblpc_chip_13xx.a(sysctl_13xx.o)
 .debug_info    0x00004bb3      0x7d1 C:\Users\chris\Documents\MCUXpressoIDE_11.1.1_3241\workspace\lpc_chip_13xx\Debug\liblpc_chip_13xx.a(sysinit_13xx.o)

.debug_abbrev   0x00000000     0x1337
 .debug_abbrev  0x00000000      0x153 ./src/cr_startup_lpc13xx.o
 .debug_abbrev  0x00000153       0x38 ./src/crp.o
 .debug_abbrev  0x0000018b       0xe6 ./src/main.o
 .debug_abbrev  0x00000271       0xd3 ./src/sysinit.o
 .debug_abbrev  0x00000344      0x291 ./lpc1343_timer/src/timer.o
 .debug_abbrev  0x000005d5      0x2ae C:\Users\chris\Documents\MCUXpressoIDE_11.1.1_3241\workspace\lpc_board_nxp_lpcxpresso_1343\Debug\liblpc_board_nxp_lpcxpresso_1343.a(board.o)
 .debug_abbrev  0x00000883      0x22b C:\Users\chris\Documents\MCUXpressoIDE_11.1.1_3241\workspace\lpc_board_nxp_lpcxpresso_1343\Debug\liblpc_board_nxp_lpcxpresso_1343.a(board_sysinit.o)
 .debug_abbrev  0x00000aae      0x176 C:\Users\chris\Documents\MCUXpressoIDE_11.1.1_3241\workspace\lpc_chip_13xx\Debug\liblpc_chip_13xx.a(chip_13xx.o)
 .debug_abbrev  0x00000c24      0x205 C:\Users\chris\Documents\MCUXpressoIDE_11.1.1_3241\workspace\lpc_chip_13xx\Debug\liblpc_chip_13xx.a(clock_13xx.o)
 .debug_abbrev  0x00000e29      0x219 C:\Users\chris\Documents\MCUXpressoIDE_11.1.1_3241\workspace\lpc_chip_13xx\Debug\liblpc_chip_13xx.a(gpio_13xx_2.o)
 .debug_abbrev  0x00001042      0x12f C:\Users\chris\Documents\MCUXpressoIDE_11.1.1_3241\workspace\lpc_chip_13xx\Debug\liblpc_chip_13xx.a(sysctl_13xx.o)
 .debug_abbrev  0x00001171      0x1c6 C:\Users\chris\Documents\MCUXpressoIDE_11.1.1_3241\workspace\lpc_chip_13xx\Debug\liblpc_chip_13xx.a(sysinit_13xx.o)

.debug_aranges  0x00000000      0x488
 .debug_aranges
                0x00000000       0x80 ./src/cr_startup_lpc13xx.o
 .debug_aranges
                0x00000080       0x18 ./src/crp.o
 .debug_aranges
                0x00000098       0x20 ./src/main.o
 .debug_aranges
                0x000000b8       0x20 ./src/sysinit.o
 .debug_aranges
                0x000000d8       0x80 ./lpc1343_timer/src/timer.o
 .debug_aranges
                0x00000158       0xc8 C:\Users\chris\Documents\MCUXpressoIDE_11.1.1_3241\workspace\lpc_board_nxp_lpcxpresso_1343\Debug\liblpc_board_nxp_lpcxpresso_1343.a(board.o)
 .debug_aranges
                0x00000220       0x50 C:\Users\chris\Documents\MCUXpressoIDE_11.1.1_3241\workspace\lpc_board_nxp_lpcxpresso_1343\Debug\liblpc_board_nxp_lpcxpresso_1343.a(board_sysinit.o)
 .debug_aranges
                0x00000270       0x38 C:\Users\chris\Documents\MCUXpressoIDE_11.1.1_3241\workspace\lpc_chip_13xx\Debug\liblpc_chip_13xx.a(chip_13xx.o)
 .debug_aranges
                0x000002a8       0xa8 C:\Users\chris\Documents\MCUXpressoIDE_11.1.1_3241\workspace\lpc_chip_13xx\Debug\liblpc_chip_13xx.a(clock_13xx.o)
 .debug_aranges
                0x00000350       0xb0 C:\Users\chris\Documents\MCUXpressoIDE_11.1.1_3241\workspace\lpc_chip_13xx\Debug\liblpc_chip_13xx.a(gpio_13xx_2.o)
 .debug_aranges
                0x00000400       0x38 C:\Users\chris\Documents\MCUXpressoIDE_11.1.1_3241\workspace\lpc_chip_13xx\Debug\liblpc_chip_13xx.a(sysctl_13xx.o)
 .debug_aranges
                0x00000438       0x50 C:\Users\chris\Documents\MCUXpressoIDE_11.1.1_3241\workspace\lpc_chip_13xx\Debug\liblpc_chip_13xx.a(sysinit_13xx.o)

.debug_ranges   0x00000000      0x3c0
 .debug_ranges  0x00000000       0x70 ./src/cr_startup_lpc13xx.o
 .debug_ranges  0x00000070       0x10 ./src/main.o
 .debug_ranges  0x00000080       0x10 ./src/sysinit.o
 .debug_ranges  0x00000090       0x70 ./lpc1343_timer/src/timer.o
 .debug_ranges  0x00000100       0xb8 C:\Users\chris\Documents\MCUXpressoIDE_11.1.1_3241\workspace\lpc_board_nxp_lpcxpresso_1343\Debug\liblpc_board_nxp_lpcxpresso_1343.a(board.o)
 .debug_ranges  0x000001b8       0x40 C:\Users\chris\Documents\MCUXpressoIDE_11.1.1_3241\workspace\lpc_board_nxp_lpcxpresso_1343\Debug\liblpc_board_nxp_lpcxpresso_1343.a(board_sysinit.o)
 .debug_ranges  0x000001f8       0x28 C:\Users\chris\Documents\MCUXpressoIDE_11.1.1_3241\workspace\lpc_chip_13xx\Debug\liblpc_chip_13xx.a(chip_13xx.o)
 .debug_ranges  0x00000220       0x98 C:\Users\chris\Documents\MCUXpressoIDE_11.1.1_3241\workspace\lpc_chip_13xx\Debug\liblpc_chip_13xx.a(clock_13xx.o)
 .debug_ranges  0x000002b8       0xa0 C:\Users\chris\Documents\MCUXpressoIDE_11.1.1_3241\workspace\lpc_chip_13xx\Debug\liblpc_chip_13xx.a(gpio_13xx_2.o)
 .debug_ranges  0x00000358       0x28 C:\Users\chris\Documents\MCUXpressoIDE_11.1.1_3241\workspace\lpc_chip_13xx\Debug\liblpc_chip_13xx.a(sysctl_13xx.o)
 .debug_ranges  0x00000380       0x40 C:\Users\chris\Documents\MCUXpressoIDE_11.1.1_3241\workspace\lpc_chip_13xx\Debug\liblpc_chip_13xx.a(sysinit_13xx.o)

.debug_macro    0x00000000     0x4382
 .debug_macro   0x00000000       0x1d ./src/cr_startup_lpc13xx.o
 .debug_macro   0x0000001d      0xaa8 ./src/cr_startup_lpc13xx.o
 .debug_macro   0x00000ac5       0x1a ./src/crp.o
 .debug_macro   0x00000adf       0x34 ./src/crp.o
 .debug_macro   0x00000b13      0x17e ./src/main.o
 .debug_macro   0x00000c91       0x10 ./src/main.o
 .debug_macro   0x00000ca1      0x12e ./src/main.o
 .debug_macro   0x00000dcf      0x5b3 ./src/main.o
 .debug_macro   0x00001382       0x22 ./src/main.o
 .debug_macro   0x000013a4       0x7b ./src/main.o
 .debug_macro   0x0000141f       0x10 ./src/main.o
 .debug_macro   0x0000142f       0x26 ./src/main.o
 .debug_macro   0x00001455       0x3a ./src/main.o
 .debug_macro   0x0000148f       0x2d ./src/main.o
 .debug_macro   0x000014bc      0xa8b ./src/main.o
 .debug_macro   0x00001f47       0xef ./src/main.o
 .debug_macro   0x00002036       0xdc ./src/main.o
 .debug_macro   0x00002112       0x10 ./src/main.o
 .debug_macro   0x00002122      0x145 ./src/main.o
 .debug_macro   0x00002267       0x82 ./src/main.o
 .debug_macro   0x000022e9      0x21b ./src/main.o
 .debug_macro   0x00002504       0x40 ./src/main.o
 .debug_macro   0x00002544       0x2e ./src/main.o
 .debug_macro   0x00002572       0xb9 ./src/main.o
 .debug_macro   0x0000262b       0x4c ./src/main.o
 .debug_macro   0x00002677       0x16 ./src/main.o
 .debug_macro   0x0000268d      0x31a ./src/main.o
 .debug_macro   0x000029a7       0x3a ./src/main.o
 .debug_macro   0x000029e1       0x1c ./src/main.o
 .debug_macro   0x000029fd       0x2e ./src/main.o
 .debug_macro   0x00002a2b       0x9a ./src/main.o
 .debug_macro   0x00002ac5       0x20 ./src/main.o
 .debug_macro   0x00002ae5       0x82 ./src/main.o
 .debug_macro   0x00002b67      0x175 ./src/sysinit.o
 .debug_macro   0x00002cdc      0x193 ./lpc1343_timer/src/timer.o
 .debug_macro   0x00002e6f       0x22 ./lpc1343_timer/src/timer.o
 .debug_macro   0x00002e91       0x70 ./lpc1343_timer/src/timer.o
 .debug_macro   0x00002f01      0x1eb C:\Users\chris\Documents\MCUXpressoIDE_11.1.1_3241\workspace\lpc_board_nxp_lpcxpresso_1343\Debug\liblpc_board_nxp_lpcxpresso_1343.a(board.o)
 .debug_macro   0x000030ec      0xa9c C:\Users\chris\Documents\MCUXpressoIDE_11.1.1_3241\workspace\lpc_board_nxp_lpcxpresso_1343\Debug\liblpc_board_nxp_lpcxpresso_1343.a(board.o)
 .debug_macro   0x00003b88       0x12 C:\Users\chris\Documents\MCUXpressoIDE_11.1.1_3241\workspace\lpc_board_nxp_lpcxpresso_1343\Debug\liblpc_board_nxp_lpcxpresso_1343.a(board.o)
 .debug_macro   0x00003b9a      0x183 C:\Users\chris\Documents\MCUXpressoIDE_11.1.1_3241\workspace\lpc_board_nxp_lpcxpresso_1343\Debug\liblpc_board_nxp_lpcxpresso_1343.a(board_sysinit.o)
 .debug_macro   0x00003d1d      0x13f C:\Users\chris\Documents\MCUXpressoIDE_11.1.1_3241\workspace\lpc_chip_13xx\Debug\liblpc_chip_13xx.a(chip_13xx.o)
 .debug_macro   0x00003e5c      0x13f C:\Users\chris\Documents\MCUXpressoIDE_11.1.1_3241\workspace\lpc_chip_13xx\Debug\liblpc_chip_13xx.a(clock_13xx.o)
 .debug_macro   0x00003f9b      0x13f C:\Users\chris\Documents\MCUXpressoIDE_11.1.1_3241\workspace\lpc_chip_13xx\Debug\liblpc_chip_13xx.a(gpio_13xx_2.o)
 .debug_macro   0x000040da      0x169 C:\Users\chris\Documents\MCUXpressoIDE_11.1.1_3241\workspace\lpc_chip_13xx\Debug\liblpc_chip_13xx.a(sysctl_13xx.o)
 .debug_macro   0x00004243      0x13f C:\Users\chris\Documents\MCUXpressoIDE_11.1.1_3241\workspace\lpc_chip_13xx\Debug\liblpc_chip_13xx.a(sysinit_13xx.o)

.debug_line     0x00000000     0x3381
 .debug_line    0x00000000      0x165 ./src/cr_startup_lpc13xx.o
 .debug_line    0x00000165       0xb1 ./src/crp.o
 .debug_line    0x00000216      0x454 ./src/main.o
 .debug_line    0x0000066a      0x3b3 ./src/sysinit.o
 .debug_line    0x00000a1d      0x719 ./lpc1343_timer/src/timer.o
 .debug_line    0x00001136      0x65c C:\Users\chris\Documents\MCUXpressoIDE_11.1.1_3241\workspace\lpc_board_nxp_lpcxpresso_1343\Debug\liblpc_board_nxp_lpcxpresso_1343.a(board.o)
 .debug_line    0x00001792      0x4a8 C:\Users\chris\Documents\MCUXpressoIDE_11.1.1_3241\workspace\lpc_board_nxp_lpcxpresso_1343\Debug\liblpc_board_nxp_lpcxpresso_1343.a(board_sysinit.o)
 .debug_line    0x00001c3a      0x3af C:\Users\chris\Documents\MCUXpressoIDE_11.1.1_3241\workspace\lpc_chip_13xx\Debug\liblpc_chip_13xx.a(chip_13xx.o)
 .debug_line    0x00001fe9      0x5f7 C:\Users\chris\Documents\MCUXpressoIDE_11.1.1_3241\workspace\lpc_chip_13xx\Debug\liblpc_chip_13xx.a(clock_13xx.o)
 .debug_line    0x000025e0      0x59e C:\Users\chris\Documents\MCUXpressoIDE_11.1.1_3241\workspace\lpc_chip_13xx\Debug\liblpc_chip_13xx.a(gpio_13xx_2.o)
 .debug_line    0x00002b7e      0x3b5 C:\Users\chris\Documents\MCUXpressoIDE_11.1.1_3241\workspace\lpc_chip_13xx\Debug\liblpc_chip_13xx.a(sysctl_13xx.o)
 .debug_line    0x00002f33      0x44e C:\Users\chris\Documents\MCUXpressoIDE_11.1.1_3241\workspace\lpc_chip_13xx\Debug\liblpc_chip_13xx.a(sysinit_13xx.o)

.debug_str      0x00000000     0xe53f
 .debug_str     0x00000000     0x2fab ./src/cr_startup_lpc13xx.o
                               0x2fbe (size before relaxing)
 .debug_str     0x00002fab       0xe9 ./src/crp.o
                               0x2ec2 (size before relaxing)
 .debug_str     0x00003094     0x9229 ./src/main.o
                               0xc0f6 (size before relaxing)
 .debug_str     0x0000c2bd       0x11 ./src/sysinit.o
                               0xbcb6 (size before relaxing)
 .debug_str     0x0000c2ce      0xc72 ./lpc1343_timer/src/timer.o
                               0xc94b (size before relaxing)
 .debug_str     0x0000cf40      0x891 C:\Users\chris\Documents\MCUXpressoIDE_11.1.1_3241\workspace\lpc_board_nxp_lpcxpresso_1343\Debug\liblpc_board_nxp_lpcxpresso_1343.a(board.o)
                               0xc447 (size before relaxing)
 .debug_str     0x0000d7d1      0x169 C:\Users\chris\Documents\MCUXpressoIDE_11.1.1_3241\workspace\lpc_board_nxp_lpcxpresso_1343\Debug\liblpc_board_nxp_lpcxpresso_1343.a(board_sysinit.o)
                               0xc46f (size before relaxing)
 .debug_str     0x0000d93a      0x186 C:\Users\chris\Documents\MCUXpressoIDE_11.1.1_3241\workspace\lpc_chip_13xx\Debug\liblpc_chip_13xx.a(chip_13xx.o)
                               0xbcad (size before relaxing)
 .debug_str     0x0000dac0      0x537 C:\Users\chris\Documents\MCUXpressoIDE_11.1.1_3241\workspace\lpc_chip_13xx\Debug\liblpc_chip_13xx.a(clock_13xx.o)
                               0xc16f (size before relaxing)
 .debug_str     0x0000dff7      0x25c C:\Users\chris\Documents\MCUXpressoIDE_11.1.1_3241\workspace\lpc_chip_13xx\Debug\liblpc_chip_13xx.a(gpio_13xx_2.o)
                               0xbfa3 (size before relaxing)
 .debug_str     0x0000e253      0x19f C:\Users\chris\Documents\MCUXpressoIDE_11.1.1_3241\workspace\lpc_chip_13xx\Debug\liblpc_chip_13xx.a(sysctl_13xx.o)
                               0xbd0f (size before relaxing)
 .debug_str     0x0000e3f2      0x14d C:\Users\chris\Documents\MCUXpressoIDE_11.1.1_3241\workspace\lpc_chip_13xx\Debug\liblpc_chip_13xx.a(sysinit_13xx.o)
                               0xbdc9 (size before relaxing)

.comment        0x00000000       0x76
 .comment       0x00000000       0x76 ./src/cr_startup_lpc13xx.o
                                 0x77 (size before relaxing)
 .comment       0x00000076       0x77 ./src/crp.o
 .comment       0x00000076       0x77 ./src/main.o
 .comment       0x00000076       0x77 ./src/sysinit.o
 .comment       0x00000076       0x77 ./lpc1343_timer/src/timer.o
 .comment       0x00000076       0x77 C:\Users\chris\Documents\MCUXpressoIDE_11.1.1_3241\workspace\lpc_board_nxp_lpcxpresso_1343\Debug\liblpc_board_nxp_lpcxpresso_1343.a(board.o)
 .comment       0x00000076       0x77 C:\Users\chris\Documents\MCUXpressoIDE_11.1.1_3241\workspace\lpc_board_nxp_lpcxpresso_1343\Debug\liblpc_board_nxp_lpcxpresso_1343.a(board_sysinit.o)
 .comment       0x00000076       0x77 C:\Users\chris\Documents\MCUXpressoIDE_11.1.1_3241\workspace\lpc_chip_13xx\Debug\liblpc_chip_13xx.a(chip_13xx.o)
 .comment       0x00000076       0x77 C:\Users\chris\Documents\MCUXpressoIDE_11.1.1_3241\workspace\lpc_chip_13xx\Debug\liblpc_chip_13xx.a(clock_13xx.o)
 .comment       0x00000076       0x77 C:\Users\chris\Documents\MCUXpressoIDE_11.1.1_3241\workspace\lpc_chip_13xx\Debug\liblpc_chip_13xx.a(gpio_13xx_2.o)
 .comment       0x00000076       0x77 C:\Users\chris\Documents\MCUXpressoIDE_11.1.1_3241\workspace\lpc_chip_13xx\Debug\liblpc_chip_13xx.a(sysctl_13xx.o)
 .comment       0x00000076       0x77 C:\Users\chris\Documents\MCUXpressoIDE_11.1.1_3241\workspace\lpc_chip_13xx\Debug\liblpc_chip_13xx.a(sysinit_13xx.o)
 .comment       0x00000076       0x77 c:/nxp/mcuxpressoide_11.1.1_3241/ide/plugins/com.nxp.mcuxpresso.tools.win32_11.1.0.202001081728/tools/bin/../lib/gcc/arm-none-eabi/8.3.1/../../../../arm-none-eabi/lib/thumb/v7-m/nofp\libcr_c.a(__weak__main.o)

.ARM.attributes
                0x00000000       0x2d
 .ARM.attributes
                0x00000000       0x2d ./src/cr_startup_lpc13xx.o
 .ARM.attributes
                0x0000002d       0x33 ./src/crp.o
 .ARM.attributes
                0x00000060       0x2d ./src/main.o
 .ARM.attributes
                0x0000008d       0x2d ./src/sysinit.o
 .ARM.attributes
                0x000000ba       0x2d ./lpc1343_timer/src/timer.o
 .ARM.attributes
                0x000000e7       0x2d C:\Users\chris\Documents\MCUXpressoIDE_11.1.1_3241\workspace\lpc_board_nxp_lpcxpresso_1343\Debug\liblpc_board_nxp_lpcxpresso_1343.a(board.o)
 .ARM.attributes
                0x00000114       0x2d C:\Users\chris\Documents\MCUXpressoIDE_11.1.1_3241\workspace\lpc_board_nxp_lpcxpresso_1343\Debug\liblpc_board_nxp_lpcxpresso_1343.a(board_sysinit.o)
 .ARM.attributes
                0x00000141       0x2d C:\Users\chris\Documents\MCUXpressoIDE_11.1.1_3241\workspace\lpc_chip_13xx\Debug\liblpc_chip_13xx.a(chip_13xx.o)
 .ARM.attributes
                0x0000016e       0x2d C:\Users\chris\Documents\MCUXpressoIDE_11.1.1_3241\workspace\lpc_chip_13xx\Debug\liblpc_chip_13xx.a(clock_13xx.o)
 .ARM.attributes
                0x0000019b       0x2d C:\Users\chris\Documents\MCUXpressoIDE_11.1.1_3241\workspace\lpc_chip_13xx\Debug\liblpc_chip_13xx.a(gpio_13xx_2.o)
 .ARM.attributes
                0x000001c8       0x2d C:\Users\chris\Documents\MCUXpressoIDE_11.1.1_3241\workspace\lpc_chip_13xx\Debug\liblpc_chip_13xx.a(sysctl_13xx.o)
 .ARM.attributes
                0x000001f5       0x2d C:\Users\chris\Documents\MCUXpressoIDE_11.1.1_3241\workspace\lpc_chip_13xx\Debug\liblpc_chip_13xx.a(sysinit_13xx.o)
 .ARM.attributes
                0x00000222       0x2d c:/nxp/mcuxpressoide_11.1.1_3241/ide/plugins/com.nxp.mcuxpresso.tools.win32_11.1.0.202001081728/tools/bin/../lib/gcc/arm-none-eabi/8.3.1/../../../../arm-none-eabi/lib/thumb/v7-m/nofp\libcr_c.a(__weak__main.o)

.debug_frame    0x00000000      0xf84
 .debug_frame   0x00000000      0x170 ./src/cr_startup_lpc13xx.o
 .debug_frame   0x00000170       0x2c ./src/main.o
 .debug_frame   0x0000019c       0x2c ./src/sysinit.o
 .debug_frame   0x000001c8      0x1cc ./lpc1343_timer/src/timer.o
 .debug_frame   0x00000394      0x31c C:\Users\chris\Documents\MCUXpressoIDE_11.1.1_3241\workspace\lpc_board_nxp_lpcxpresso_1343\Debug\liblpc_board_nxp_lpcxpresso_1343.a(board.o)
 .debug_frame   0x000006b0      0x100 C:\Users\chris\Documents\MCUXpressoIDE_11.1.1_3241\workspace\lpc_board_nxp_lpcxpresso_1343\Debug\liblpc_board_nxp_lpcxpresso_1343.a(board_sysinit.o)
 .debug_frame   0x000007b0       0x90 C:\Users\chris\Documents\MCUXpressoIDE_11.1.1_3241\workspace\lpc_chip_13xx\Debug\liblpc_chip_13xx.a(chip_13xx.o)
 .debug_frame   0x00000840      0x29c C:\Users\chris\Documents\MCUXpressoIDE_11.1.1_3241\workspace\lpc_chip_13xx\Debug\liblpc_chip_13xx.a(clock_13xx.o)
 .debug_frame   0x00000adc      0x2f4 C:\Users\chris\Documents\MCUXpressoIDE_11.1.1_3241\workspace\lpc_chip_13xx\Debug\liblpc_chip_13xx.a(gpio_13xx_2.o)
 .debug_frame   0x00000dd0       0xb0 C:\Users\chris\Documents\MCUXpressoIDE_11.1.1_3241\workspace\lpc_chip_13xx\Debug\liblpc_chip_13xx.a(sysctl_13xx.o)
 .debug_frame   0x00000e80      0x104 C:\Users\chris\Documents\MCUXpressoIDE_11.1.1_3241\workspace\lpc_chip_13xx\Debug\liblpc_chip_13xx.a(sysinit_13xx.o)

Cross Reference Table

Symbol                                            File
ADC_IRQHandler                                    ./src/cr_startup_lpc13xx.o
BOD_IRQHandler                                    ./src/cr_startup_lpc13xx.o
Board_ADC_Init                                    C:\Users\chris\Documents\MCUXpressoIDE_11.1.1_3241\workspace\lpc_board_nxp_lpcxpresso_1343\Debug\liblpc_board_nxp_lpcxpresso_1343.a(board.o)
Board_Buttons_Init                                C:\Users\chris\Documents\MCUXpressoIDE_11.1.1_3241\workspace\lpc_board_nxp_lpcxpresso_1343\Debug\liblpc_board_nxp_lpcxpresso_1343.a(board.o)
Board_Debug_Init                                  C:\Users\chris\Documents\MCUXpressoIDE_11.1.1_3241\workspace\lpc_board_nxp_lpcxpresso_1343\Debug\liblpc_board_nxp_lpcxpresso_1343.a(board.o)
Board_Init                                        C:\Users\chris\Documents\MCUXpressoIDE_11.1.1_3241\workspace\lpc_board_nxp_lpcxpresso_1343\Debug\liblpc_board_nxp_lpcxpresso_1343.a(board.o)
                                                  ./src/main.o
Board_Joystick_Init                               C:\Users\chris\Documents\MCUXpressoIDE_11.1.1_3241\workspace\lpc_board_nxp_lpcxpresso_1343\Debug\liblpc_board_nxp_lpcxpresso_1343.a(board.o)
Board_LED_Set                                     C:\Users\chris\Documents\MCUXpressoIDE_11.1.1_3241\workspace\lpc_board_nxp_lpcxpresso_1343\Debug\liblpc_board_nxp_lpcxpresso_1343.a(board.o)
                                                  ./src/main.o
Board_LED_Test                                    C:\Users\chris\Documents\MCUXpressoIDE_11.1.1_3241\workspace\lpc_board_nxp_lpcxpresso_1343\Debug\liblpc_board_nxp_lpcxpresso_1343.a(board.o)
Board_LED_Toggle                                  C:\Users\chris\Documents\MCUXpressoIDE_11.1.1_3241\workspace\lpc_board_nxp_lpcxpresso_1343\Debug\liblpc_board_nxp_lpcxpresso_1343.a(board.o)
Board_SSP_Init                                    C:\Users\chris\Documents\MCUXpressoIDE_11.1.1_3241\workspace\lpc_board_nxp_lpcxpresso_1343\Debug\liblpc_board_nxp_lpcxpresso_1343.a(board.o)
Board_SetupClocking                               C:\Users\chris\Documents\MCUXpressoIDE_11.1.1_3241\workspace\lpc_board_nxp_lpcxpresso_1343\Debug\liblpc_board_nxp_lpcxpresso_1343.a(board_sysinit.o)
Board_SetupMuxing                                 C:\Users\chris\Documents\MCUXpressoIDE_11.1.1_3241\workspace\lpc_board_nxp_lpcxpresso_1343\Debug\liblpc_board_nxp_lpcxpresso_1343.a(board_sysinit.o)
Board_SystemInit                                  C:\Users\chris\Documents\MCUXpressoIDE_11.1.1_3241\workspace\lpc_board_nxp_lpcxpresso_1343\Debug\liblpc_board_nxp_lpcxpresso_1343.a(board_sysinit.o)
                                                  ./src/sysinit.o
Board_UARTGetChar                                 C:\Users\chris\Documents\MCUXpressoIDE_11.1.1_3241\workspace\lpc_board_nxp_lpcxpresso_1343\Debug\liblpc_board_nxp_lpcxpresso_1343.a(board.o)
Board_UARTPutChar                                 C:\Users\chris\Documents\MCUXpressoIDE_11.1.1_3241\workspace\lpc_board_nxp_lpcxpresso_1343\Debug\liblpc_board_nxp_lpcxpresso_1343.a(board.o)
Board_UARTPutSTR                                  C:\Users\chris\Documents\MCUXpressoIDE_11.1.1_3241\workspace\lpc_board_nxp_lpcxpresso_1343\Debug\liblpc_board_nxp_lpcxpresso_1343.a(board.o)
Board_UART_Init                                   C:\Users\chris\Documents\MCUXpressoIDE_11.1.1_3241\workspace\lpc_board_nxp_lpcxpresso_1343\Debug\liblpc_board_nxp_lpcxpresso_1343.a(board.o)
BusFault_Handler                                  ./src/cr_startup_lpc13xx.o
CRP_WORD                                          ./src/crp.o
Chip_Clock_GetMainClockRate                       C:\Users\chris\Documents\MCUXpressoIDE_11.1.1_3241\workspace\lpc_chip_13xx\Debug\liblpc_chip_13xx.a(clock_13xx.o)
Chip_Clock_GetSystemClockRate                     C:\Users\chris\Documents\MCUXpressoIDE_11.1.1_3241\workspace\lpc_chip_13xx\Debug\liblpc_chip_13xx.a(clock_13xx.o)
                                                  C:\Users\chris\Documents\MCUXpressoIDE_11.1.1_3241\workspace\lpc_chip_13xx\Debug\liblpc_chip_13xx.a(chip_13xx.o)
Chip_Clock_GetSystemPLLInClockRate                C:\Users\chris\Documents\MCUXpressoIDE_11.1.1_3241\workspace\lpc_chip_13xx\Debug\liblpc_chip_13xx.a(clock_13xx.o)
Chip_Clock_GetSystemPLLOutClockRate               C:\Users\chris\Documents\MCUXpressoIDE_11.1.1_3241\workspace\lpc_chip_13xx\Debug\liblpc_chip_13xx.a(clock_13xx.o)
Chip_Clock_GetUSBPLLInClockRate                   C:\Users\chris\Documents\MCUXpressoIDE_11.1.1_3241\workspace\lpc_chip_13xx\Debug\liblpc_chip_13xx.a(clock_13xx.o)
Chip_Clock_GetUSBPLLOutClockRate                  C:\Users\chris\Documents\MCUXpressoIDE_11.1.1_3241\workspace\lpc_chip_13xx\Debug\liblpc_chip_13xx.a(clock_13xx.o)
Chip_Clock_GetWDTOSCRate                          C:\Users\chris\Documents\MCUXpressoIDE_11.1.1_3241\workspace\lpc_chip_13xx\Debug\liblpc_chip_13xx.a(clock_13xx.o)
Chip_Clock_SetCLKOUTSource                        C:\Users\chris\Documents\MCUXpressoIDE_11.1.1_3241\workspace\lpc_chip_13xx\Debug\liblpc_chip_13xx.a(clock_13xx.o)
Chip_Clock_SetMainClockSource                     C:\Users\chris\Documents\MCUXpressoIDE_11.1.1_3241\workspace\lpc_chip_13xx\Debug\liblpc_chip_13xx.a(clock_13xx.o)
                                                  C:\Users\chris\Documents\MCUXpressoIDE_11.1.1_3241\workspace\lpc_chip_13xx\Debug\liblpc_chip_13xx.a(sysinit_13xx.o)
Chip_Clock_SetPLLBypass                           C:\Users\chris\Documents\MCUXpressoIDE_11.1.1_3241\workspace\lpc_chip_13xx\Debug\liblpc_chip_13xx.a(clock_13xx.o)
Chip_Clock_SetSystemPLLSource                     C:\Users\chris\Documents\MCUXpressoIDE_11.1.1_3241\workspace\lpc_chip_13xx\Debug\liblpc_chip_13xx.a(clock_13xx.o)
                                                  C:\Users\chris\Documents\MCUXpressoIDE_11.1.1_3241\workspace\lpc_chip_13xx\Debug\liblpc_chip_13xx.a(sysinit_13xx.o)
Chip_Clock_SetUSBClockSource                      C:\Users\chris\Documents\MCUXpressoIDE_11.1.1_3241\workspace\lpc_chip_13xx\Debug\liblpc_chip_13xx.a(clock_13xx.o)
                                                  C:\Users\chris\Documents\MCUXpressoIDE_11.1.1_3241\workspace\lpc_chip_13xx\Debug\liblpc_chip_13xx.a(chip_13xx.o)
Chip_Clock_SetUSBPLLSource                        C:\Users\chris\Documents\MCUXpressoIDE_11.1.1_3241\workspace\lpc_chip_13xx\Debug\liblpc_chip_13xx.a(clock_13xx.o)
                                                  C:\Users\chris\Documents\MCUXpressoIDE_11.1.1_3241\workspace\lpc_chip_13xx\Debug\liblpc_chip_13xx.a(chip_13xx.o)
Chip_Clock_SetWDTClockSource                      C:\Users\chris\Documents\MCUXpressoIDE_11.1.1_3241\workspace\lpc_chip_13xx\Debug\liblpc_chip_13xx.a(clock_13xx.o)
Chip_GPIO_DeInit                                  C:\Users\chris\Documents\MCUXpressoIDE_11.1.1_3241\workspace\lpc_chip_13xx\Debug\liblpc_chip_13xx.a(gpio_13xx_2.o)
Chip_GPIO_Init                                    C:\Users\chris\Documents\MCUXpressoIDE_11.1.1_3241\workspace\lpc_chip_13xx\Debug\liblpc_chip_13xx.a(gpio_13xx_2.o)
                                                  C:\Users\chris\Documents\MCUXpressoIDE_11.1.1_3241\workspace\lpc_board_nxp_lpcxpresso_1343\Debug\liblpc_board_nxp_lpcxpresso_1343.a(board.o)
Chip_GPIO_SetDir                                  C:\Users\chris\Documents\MCUXpressoIDE_11.1.1_3241\workspace\lpc_chip_13xx\Debug\liblpc_chip_13xx.a(gpio_13xx_2.o)
Chip_GPIO_SetPinDIR                               C:\Users\chris\Documents\MCUXpressoIDE_11.1.1_3241\workspace\lpc_chip_13xx\Debug\liblpc_chip_13xx.a(gpio_13xx_2.o)
Chip_GPIO_SetPortDIR                              C:\Users\chris\Documents\MCUXpressoIDE_11.1.1_3241\workspace\lpc_chip_13xx\Debug\liblpc_chip_13xx.a(gpio_13xx_2.o)
Chip_GPIO_SetupPinInt                             C:\Users\chris\Documents\MCUXpressoIDE_11.1.1_3241\workspace\lpc_chip_13xx\Debug\liblpc_chip_13xx.a(gpio_13xx_2.o)
Chip_GPIO_WriteDirBit                             C:\Users\chris\Documents\MCUXpressoIDE_11.1.1_3241\workspace\lpc_chip_13xx\Debug\liblpc_chip_13xx.a(gpio_13xx_2.o)
                                                  C:\Users\chris\Documents\MCUXpressoIDE_11.1.1_3241\workspace\lpc_board_nxp_lpcxpresso_1343\Debug\liblpc_board_nxp_lpcxpresso_1343.a(board.o)
Chip_SYSCTL_PowerDown                             C:\Users\chris\Documents\MCUXpressoIDE_11.1.1_3241\workspace\lpc_chip_13xx\Debug\liblpc_chip_13xx.a(sysctl_13xx.o)
                                                  C:\Users\chris\Documents\MCUXpressoIDE_11.1.1_3241\workspace\lpc_chip_13xx\Debug\liblpc_chip_13xx.a(sysinit_13xx.o)
Chip_SYSCTL_PowerUp                               C:\Users\chris\Documents\MCUXpressoIDE_11.1.1_3241\workspace\lpc_chip_13xx\Debug\liblpc_chip_13xx.a(sysctl_13xx.o)
                                                  C:\Users\chris\Documents\MCUXpressoIDE_11.1.1_3241\workspace\lpc_chip_13xx\Debug\liblpc_chip_13xx.a(sysinit_13xx.o)
                                                  C:\Users\chris\Documents\MCUXpressoIDE_11.1.1_3241\workspace\lpc_chip_13xx\Debug\liblpc_chip_13xx.a(chip_13xx.o)
Chip_SYSCTL_SetDeepSleepPD                        C:\Users\chris\Documents\MCUXpressoIDE_11.1.1_3241\workspace\lpc_chip_13xx\Debug\liblpc_chip_13xx.a(sysctl_13xx.o)
Chip_SYSCTL_SetWakeup                             C:\Users\chris\Documents\MCUXpressoIDE_11.1.1_3241\workspace\lpc_chip_13xx\Debug\liblpc_chip_13xx.a(sysctl_13xx.o)
Chip_SetupIrcClocking                             C:\Users\chris\Documents\MCUXpressoIDE_11.1.1_3241\workspace\lpc_chip_13xx\Debug\liblpc_chip_13xx.a(sysinit_13xx.o)
Chip_SetupXtalClocking                            C:\Users\chris\Documents\MCUXpressoIDE_11.1.1_3241\workspace\lpc_chip_13xx\Debug\liblpc_chip_13xx.a(sysinit_13xx.o)
                                                  C:\Users\chris\Documents\MCUXpressoIDE_11.1.1_3241\workspace\lpc_board_nxp_lpcxpresso_1343\Debug\liblpc_board_nxp_lpcxpresso_1343.a(board_sysinit.o)
Chip_SystemInit                                   C:\Users\chris\Documents\MCUXpressoIDE_11.1.1_3241\workspace\lpc_chip_13xx\Debug\liblpc_chip_13xx.a(sysinit_13xx.o)
Chip_USB_Init                                     C:\Users\chris\Documents\MCUXpressoIDE_11.1.1_3241\workspace\lpc_chip_13xx\Debug\liblpc_chip_13xx.a(chip_13xx.o)
DebugMon_Handler                                  ./src/cr_startup_lpc13xx.o
ExtRateIn                                         C:\Users\chris\Documents\MCUXpressoIDE_11.1.1_3241\workspace\lpc_board_nxp_lpcxpresso_1343\Debug\liblpc_board_nxp_lpcxpresso_1343.a(board.o)
FMC_IRQHandler                                    ./src/cr_startup_lpc13xx.o
GPIO_GetPinLevel                                  ./lpc1343_gpio/src/gpio.o
GPIO_SetDirection                                 ./lpc1343_gpio/src/gpio.o
GPIO_SetOutputLevel                               ./lpc1343_gpio/src/gpio.o
GPIO_ToggleOutput                                 ./lpc1343_gpio/src/gpio.o
GPIO_TurnOffLED                                   ./lpc1343_gpio/src/gpio.o
GPIO_TurnOnLED                                    ./lpc1343_gpio/src/gpio.o
HardFault_Handler                                 ./src/cr_startup_lpc13xx.o
I2C_IRQHandler                                    ./src/cr_startup_lpc13xx.o
IntDefaultHandler                                 ./src/cr_startup_lpc13xx.o
Joystick_GetStatus                                C:\Users\chris\Documents\MCUXpressoIDE_11.1.1_3241\workspace\lpc_board_nxp_lpcxpresso_1343\Debug\liblpc_board_nxp_lpcxpresso_1343.a(board.o)
MemManage_Handler                                 ./src/cr_startup_lpc13xx.o
NMI_Handler                                       ./src/cr_startup_lpc13xx.o
OscRateIn                                         C:\Users\chris\Documents\MCUXpressoIDE_11.1.1_3241\workspace\lpc_board_nxp_lpcxpresso_1343\Debug\liblpc_board_nxp_lpcxpresso_1343.a(board.o)
                                                  C:\Users\chris\Documents\MCUXpressoIDE_11.1.1_3241\workspace\lpc_chip_13xx\Debug\liblpc_chip_13xx.a(clock_13xx.o)
PIOINT0_IRQHandler                                ./src/cr_startup_lpc13xx.o
PIOINT1_IRQHandler                                ./src/cr_startup_lpc13xx.o
PIOINT2_IRQHandler                                ./src/cr_startup_lpc13xx.o
PIOINT3_IRQHandler                                ./src/cr_startup_lpc13xx.o
PendSV_Handler                                    ./src/cr_startup_lpc13xx.o
ResetISR                                          ./src/cr_startup_lpc13xx.o
SSP0_IRQHandler                                   ./src/cr_startup_lpc13xx.o
SSP1_IRQHandler                                   ./src/cr_startup_lpc13xx.o
SVC_Handler                                       ./src/cr_startup_lpc13xx.o
SysTick_Handler                                   ./src/cr_startup_lpc13xx.o
SystemCoreClock                                   C:\Users\chris\Documents\MCUXpressoIDE_11.1.1_3241\workspace\lpc_chip_13xx\Debug\liblpc_chip_13xx.a(chip_13xx.o)
SystemCoreClockUpdate                             C:\Users\chris\Documents\MCUXpressoIDE_11.1.1_3241\workspace\lpc_chip_13xx\Debug\liblpc_chip_13xx.a(chip_13xx.o)
                                                  ./src/main.o
SystemInit                                        ./src/sysinit.o
                                                  ./src/cr_startup_lpc13xx.o
TIMER16_0_IRQHandler                              ./lpc1343_timer/src/timer.o
                                                  ./src/cr_startup_lpc13xx.o
TIMER16_1_IRQHandler                              ./lpc1343_timer/src/timer.o
                                                  ./src/cr_startup_lpc13xx.o
TIMER32_0_IRQHandler                              ./lpc1343_timer/src/timer.o
                                                  ./src/cr_startup_lpc13xx.o
TIMER32_1_IRQHandler                              ./lpc1343_timer/src/timer.o
                                                  ./src/cr_startup_lpc13xx.o
TIMER_init                                        ./lpc1343_timer/src/timer.o
TIMER_setDutyCycle                                ./lpc1343_timer/src/timer.o
TIMER_start                                       ./lpc1343_timer/src/timer.o
TIMER_startAll                                    ./lpc1343_timer/src/timer.o
TIMER_stop                                        ./lpc1343_timer/src/timer.o
TIMER_stopAll                                     ./lpc1343_timer/src/timer.o
UART_IRQHandler                                   ./src/cr_startup_lpc13xx.o
USB_FIQHandler                                    ./src/cr_startup_lpc13xx.o
USB_IRQHandler                                    ./src/cr_startup_lpc13xx.o
UsageFault_Handler                                ./src/cr_startup_lpc13xx.o
WAKEUP_IRQHandler                                 ./src/cr_startup_lpc13xx.o
WDT_IRQHandler                                    ./src/cr_startup_lpc13xx.o
__aeabi_cdcmpeq                                   c:/nxp/mcuxpressoide_11.1.1_3241/ide/plugins/com.nxp.mcuxpresso.tools.win32_11.1.0.202001081728/tools/bin/../lib/gcc/arm-none-eabi/8.3.1/thumb/v7-m/nofp\libcr_eabihelpers.a(double.o)
__aeabi_cdcmple                                   c:/nxp/mcuxpressoide_11.1.1_3241/ide/plugins/com.nxp.mcuxpresso.tools.win32_11.1.0.202001081728/tools/bin/../lib/gcc/arm-none-eabi/8.3.1/thumb/v7-m/nofp\libcr_eabihelpers.a(double.o)
__aeabi_cdrcmple                                  c:/nxp/mcuxpressoide_11.1.1_3241/ide/plugins/com.nxp.mcuxpresso.tools.win32_11.1.0.202001081728/tools/bin/../lib/gcc/arm-none-eabi/8.3.1/thumb/v7-m/nofp\libcr_eabihelpers.a(double.o)
__aeabi_d2f                                       c:/nxp/mcuxpressoide_11.1.1_3241/ide/plugins/com.nxp.mcuxpresso.tools.win32_11.1.0.202001081728/tools/bin/../lib/gcc/arm-none-eabi/8.3.1/thumb/v7-m/nofp\libcr_eabihelpers.a(double.o)
__aeabi_d2iz                                      c:/nxp/mcuxpressoide_11.1.1_3241/ide/plugins/com.nxp.mcuxpresso.tools.win32_11.1.0.202001081728/tools/bin/../lib/gcc/arm-none-eabi/8.3.1/thumb/v7-m/nofp\libcr_eabihelpers.a(double.o)
__aeabi_d2lz                                      c:/nxp/mcuxpressoide_11.1.1_3241/ide/plugins/com.nxp.mcuxpresso.tools.win32_11.1.0.202001081728/tools/bin/../lib/gcc/arm-none-eabi/8.3.1/thumb/v7-m/nofp\libcr_eabihelpers.a(double.o)
__aeabi_d2uiz                                     c:/nxp/mcuxpressoide_11.1.1_3241/ide/plugins/com.nxp.mcuxpresso.tools.win32_11.1.0.202001081728/tools/bin/../lib/gcc/arm-none-eabi/8.3.1/thumb/v7-m/nofp\libcr_eabihelpers.a(double.o)
                                                  ./lpc1343_timer/src/timer.o
__aeabi_d2ulz                                     c:/nxp/mcuxpressoide_11.1.1_3241/ide/plugins/com.nxp.mcuxpresso.tools.win32_11.1.0.202001081728/tools/bin/../lib/gcc/arm-none-eabi/8.3.1/thumb/v7-m/nofp\libcr_eabihelpers.a(double.o)
__aeabi_dadd                                      c:/nxp/mcuxpressoide_11.1.1_3241/ide/plugins/com.nxp.mcuxpresso.tools.win32_11.1.0.202001081728/tools/bin/../lib/gcc/arm-none-eabi/8.3.1/thumb/v7-m/nofp\libcr_eabihelpers.a(double.o)
__aeabi_dcmpeq                                    c:/nxp/mcuxpressoide_11.1.1_3241/ide/plugins/com.nxp.mcuxpresso.tools.win32_11.1.0.202001081728/tools/bin/../lib/gcc/arm-none-eabi/8.3.1/thumb/v7-m/nofp\libcr_eabihelpers.a(double.o)
__aeabi_dcmpge                                    c:/nxp/mcuxpressoide_11.1.1_3241/ide/plugins/com.nxp.mcuxpresso.tools.win32_11.1.0.202001081728/tools/bin/../lib/gcc/arm-none-eabi/8.3.1/thumb/v7-m/nofp\libcr_eabihelpers.a(double.o)
__aeabi_dcmpgt                                    c:/nxp/mcuxpressoide_11.1.1_3241/ide/plugins/com.nxp.mcuxpresso.tools.win32_11.1.0.202001081728/tools/bin/../lib/gcc/arm-none-eabi/8.3.1/thumb/v7-m/nofp\libcr_eabihelpers.a(double.o)
__aeabi_dcmple                                    c:/nxp/mcuxpressoide_11.1.1_3241/ide/plugins/com.nxp.mcuxpresso.tools.win32_11.1.0.202001081728/tools/bin/../lib/gcc/arm-none-eabi/8.3.1/thumb/v7-m/nofp\libcr_eabihelpers.a(double.o)
__aeabi_dcmplt                                    c:/nxp/mcuxpressoide_11.1.1_3241/ide/plugins/com.nxp.mcuxpresso.tools.win32_11.1.0.202001081728/tools/bin/../lib/gcc/arm-none-eabi/8.3.1/thumb/v7-m/nofp\libcr_eabihelpers.a(double.o)
__aeabi_dcmpun                                    c:/nxp/mcuxpressoide_11.1.1_3241/ide/plugins/com.nxp.mcuxpresso.tools.win32_11.1.0.202001081728/tools/bin/../lib/gcc/arm-none-eabi/8.3.1/thumb/v7-m/nofp\libcr_eabihelpers.a(double.o)
__aeabi_ddiv                                      c:/nxp/mcuxpressoide_11.1.1_3241/ide/plugins/com.nxp.mcuxpresso.tools.win32_11.1.0.202001081728/tools/bin/../lib/gcc/arm-none-eabi/8.3.1/thumb/v7-m/nofp\libcr_eabihelpers.a(double.o)
                                                  ./lpc1343_timer/src/timer.o
__aeabi_dmul                                      c:/nxp/mcuxpressoide_11.1.1_3241/ide/plugins/com.nxp.mcuxpresso.tools.win32_11.1.0.202001081728/tools/bin/../lib/gcc/arm-none-eabi/8.3.1/thumb/v7-m/nofp\libcr_eabihelpers.a(double.o)
                                                  ./lpc1343_timer/src/timer.o
__aeabi_dneg                                      c:/nxp/mcuxpressoide_11.1.1_3241/ide/plugins/com.nxp.mcuxpresso.tools.win32_11.1.0.202001081728/tools/bin/../lib/gcc/arm-none-eabi/8.3.1/thumb/v7-m/nofp\libcr_eabihelpers.a(double.o)
__aeabi_drsub                                     c:/nxp/mcuxpressoide_11.1.1_3241/ide/plugins/com.nxp.mcuxpresso.tools.win32_11.1.0.202001081728/tools/bin/../lib/gcc/arm-none-eabi/8.3.1/thumb/v7-m/nofp\libcr_eabihelpers.a(double.o)
__aeabi_dsub                                      c:/nxp/mcuxpressoide_11.1.1_3241/ide/plugins/com.nxp.mcuxpresso.tools.win32_11.1.0.202001081728/tools/bin/../lib/gcc/arm-none-eabi/8.3.1/thumb/v7-m/nofp\libcr_eabihelpers.a(double.o)
                                                  ./lpc1343_timer/src/timer.o
__aeabi_i2d                                       c:/nxp/mcuxpressoide_11.1.1_3241/ide/plugins/com.nxp.mcuxpresso.tools.win32_11.1.0.202001081728/tools/bin/../lib/gcc/arm-none-eabi/8.3.1/thumb/v7-m/nofp\libcr_eabihelpers.a(double.o)
__aeabi_l2d                                       c:/nxp/mcuxpressoide_11.1.1_3241/ide/plugins/com.nxp.mcuxpresso.tools.win32_11.1.0.202001081728/tools/bin/../lib/gcc/arm-none-eabi/8.3.1/thumb/v7-m/nofp\libcr_eabihelpers.a(double.o)
__aeabi_ui2d                                      c:/nxp/mcuxpressoide_11.1.1_3241/ide/plugins/com.nxp.mcuxpresso.tools.win32_11.1.0.202001081728/tools/bin/../lib/gcc/arm-none-eabi/8.3.1/thumb/v7-m/nofp\libcr_eabihelpers.a(double.o)
                                                  ./lpc1343_timer/src/timer.o
__aeabi_ul2d                                      c:/nxp/mcuxpressoide_11.1.1_3241/ide/plugins/com.nxp.mcuxpresso.tools.win32_11.1.0.202001081728/tools/bin/../lib/gcc/arm-none-eabi/8.3.1/thumb/v7-m/nofp\libcr_eabihelpers.a(double.o)
__bhs_ui2d                                        c:/nxp/mcuxpressoide_11.1.1_3241/ide/plugins/com.nxp.mcuxpresso.tools.win32_11.1.0.202001081728/tools/bin/../lib/gcc/arm-none-eabi/8.3.1/thumb/v7-m/nofp\libcr_eabihelpers.a(double.o)
__bhs_ul2d                                        c:/nxp/mcuxpressoide_11.1.1_3241/ide/plugins/com.nxp.mcuxpresso.tools.win32_11.1.0.202001081728/tools/bin/../lib/gcc/arm-none-eabi/8.3.1/thumb/v7-m/nofp\libcr_eabihelpers.a(double.o)
__bss_section_table_end                           ./src/cr_startup_lpc13xx.o
__data_section_table                              ./src/cr_startup_lpc13xx.o
__data_section_table_end                          ./src/cr_startup_lpc13xx.o
__main                                            c:/nxp/mcuxpressoide_11.1.1_3241/ide/plugins/com.nxp.mcuxpresso.tools.win32_11.1.0.202001081728/tools/bin/../lib/gcc/arm-none-eabi/8.3.1/../../../../arm-none-eabi/lib/thumb/v7-m/nofp\libcr_c.a(__weak__main.o)
                                                  ./src/cr_startup_lpc13xx.o
__sys_readc                                       C:\Users\chris\Documents\MCUXpressoIDE_11.1.1_3241\workspace\lpc_board_nxp_lpcxpresso_1343\Debug\liblpc_board_nxp_lpcxpresso_1343.a(board.o)
__sys_write                                       C:\Users\chris\Documents\MCUXpressoIDE_11.1.1_3241\workspace\lpc_board_nxp_lpcxpresso_1343\Debug\liblpc_board_nxp_lpcxpresso_1343.a(board.o)
__valid_user_code_checksum                        ./src/cr_startup_lpc13xx.o
__weak_main                                       c:/nxp/mcuxpressoide_11.1.1_3241/ide/plugins/com.nxp.mcuxpresso.tools.win32_11.1.0.202001081728/tools/bin/../lib/gcc/arm-none-eabi/8.3.1/../../../../arm-none-eabi/lib/thumb/v7-m/nofp\libcr_c.a(__weak__main.o)
_vStackTop                                        ./src/cr_startup_lpc13xx.o
bss_init                                          ./src/cr_startup_lpc13xx.o
data_init                                         ./src/cr_startup_lpc13xx.o
g_pfnVectors                                      ./src/cr_startup_lpc13xx.o
main                                              ./src/main.o
                                                  c:/nxp/mcuxpressoide_11.1.1_3241/ide/plugins/com.nxp.mcuxpresso.tools.win32_11.1.0.202001081728/tools/bin/../lib/gcc/arm-none-eabi/8.3.1/../../../../arm-none-eabi/lib/thumb/v7-m/nofp\libcr_c.a(__weak__main.o)
