Archive member included to satisfy reference by file (symbol)

C:\Users\chris\Documents\MCUXpressoIDE_11.1.1_3241\workspace\lpc_board_nxp_lpcxpresso_1343\Debug\liblpc_board_nxp_lpcxpresso_1343.a(board.o)
                              ./src/main.o (Board_LED_Set)
C:\Users\chris\Documents\MCUXpressoIDE_11.1.1_3241\workspace\lpc_board_nxp_lpcxpresso_1343\Debug\liblpc_board_nxp_lpcxpresso_1343.a(board_sysinit.o)
                              ./src/sysinit.o (Board_SystemInit)
C:\Users\chris\Documents\MCUXpressoIDE_11.1.1_3241\workspace\lpc_chip_13xx\Debug\liblpc_chip_13xx.a(chip_13xx.o)
                              ./src/main.o (SystemCoreClockUpdate)
C:\Users\chris\Documents\MCUXpressoIDE_11.1.1_3241\workspace\lpc_chip_13xx\Debug\liblpc_chip_13xx.a(clock_13xx.o)
                              C:\Users\chris\Documents\MCUXpressoIDE_11.1.1_3241\workspace\lpc_chip_13xx\Debug\liblpc_chip_13xx.a(chip_13xx.o) (Chip_Clock_SetUSBPLLSource)
C:\Users\chris\Documents\MCUXpressoIDE_11.1.1_3241\workspace\lpc_chip_13xx\Debug\liblpc_chip_13xx.a(gpio_13xx_2.o)
                              C:\Users\chris\Documents\MCUXpressoIDE_11.1.1_3241\workspace\lpc_board_nxp_lpcxpresso_1343\Debug\liblpc_board_nxp_lpcxpresso_1343.a(board.o) (Chip_GPIO_Init)
C:\Users\chris\Documents\MCUXpressoIDE_11.1.1_3241\workspace\lpc_chip_13xx\Debug\liblpc_chip_13xx.a(sysctl_13xx.o)
                              C:\Users\chris\Documents\MCUXpressoIDE_11.1.1_3241\workspace\lpc_chip_13xx\Debug\liblpc_chip_13xx.a(chip_13xx.o) (Chip_SYSCTL_PowerUp)
C:\Users\chris\Documents\MCUXpressoIDE_11.1.1_3241\workspace\lpc_chip_13xx\Debug\liblpc_chip_13xx.a(sysinit_13xx.o)
                              C:\Users\chris\Documents\MCUXpressoIDE_11.1.1_3241\workspace\lpc_board_nxp_lpcxpresso_1343\Debug\liblpc_board_nxp_lpcxpresso_1343.a(board_sysinit.o) (Chip_SetupXtalClocking)
c:/nxp/mcuxpressoide_11.1.1_3241/ide/plugins/com.nxp.mcuxpresso.tools.win32_11.1.0.202001081728/tools/bin/../lib/gcc/arm-none-eabi/8.3.1/../../../../arm-none-eabi/lib/thumb/v7-m/nofp\libcr_c.a(__weak__main.o)
                              ./src/cr_startup_lpc13xx.o (__main)
c:/nxp/mcuxpressoide_11.1.1_3241/ide/plugins/com.nxp.mcuxpresso.tools.win32_11.1.0.202001081728/tools/bin/../lib/gcc/arm-none-eabi/8.3.1/thumb/v7-m/nofp\libcr_eabihelpers.a(double.o)
                              ./lpc1343_timer/src/timer.o (__aeabi_dmul)

Allocating common symbols
Common symbol       size              file

SystemCoreClock     0x4               C:\Users\chris\Documents\MCUXpressoIDE_11.1.1_3241\workspace\lpc_chip_13xx\Debug\liblpc_chip_13xx.a(chip_13xx.o)

Discarded input sections

 .group         0x00000000        0xc ./src/cr_startup_lpc13xx.o
 .text          0x00000000        0x0 ./src/cr_startup_lpc13xx.o
 .data          0x00000000        0x0 ./src/cr_startup_lpc13xx.o
 .bss           0x00000000        0x0 ./src/cr_startup_lpc13xx.o
 .group         0x00000000        0xc ./src/crp.o
 .group         0x00000000        0xc ./src/crp.o
 .text          0x00000000        0x0 ./src/crp.o
 .data          0x00000000        0x0 ./src/crp.o
 .bss           0x00000000        0x0 ./src/crp.o
 .debug_macro   0x00000000      0xaa8 ./src/crp.o
 .group         0x00000000        0xc ./src/main.o
 .group         0x00000000        0xc ./src/main.o
 .group         0x00000000        0xc ./src/main.o
 .group         0x00000000        0xc ./src/main.o
 .group         0x00000000        0xc ./src/main.o
 .group         0x00000000        0xc ./src/main.o
 .group         0x00000000        0xc ./src/main.o
 .group         0x00000000        0xc ./src/main.o
 .group         0x00000000        0xc ./src/main.o
 .group         0x00000000        0xc ./src/main.o
 .group         0x00000000        0xc ./src/main.o
 .group         0x00000000        0xc ./src/main.o
 .group         0x00000000        0xc ./src/main.o
 .group         0x00000000        0xc ./src/main.o
 .group         0x00000000        0xc ./src/main.o
 .group         0x00000000        0xc ./src/main.o
 .group         0x00000000        0xc ./src/main.o
 .group         0x00000000        0xc ./src/main.o
 .group         0x00000000        0xc ./src/main.o
 .group         0x00000000        0xc ./src/main.o
 .group         0x00000000        0xc ./src/main.o
 .group         0x00000000        0xc ./src/main.o
 .group         0x00000000        0xc ./src/main.o
 .group         0x00000000        0xc ./src/main.o
 .group         0x00000000        0xc ./src/main.o
 .group         0x00000000        0xc ./src/main.o
 .group         0x00000000        0xc ./src/main.o
 .group         0x00000000        0xc ./src/main.o
 .group         0x00000000        0xc ./src/main.o
 .text          0x00000000        0x0 ./src/main.o
 .data          0x00000000        0x0 ./src/main.o
 .bss           0x00000000        0x0 ./src/main.o
 .debug_macro   0x00000000      0xaa8 ./src/main.o
 .group         0x00000000        0xc ./src/sysinit.o
 .group         0x00000000        0xc ./src/sysinit.o
[...]
Memory Configuration

Name             Origin             Length             Attributes
MFlash32         0x00000000         0x00008000         xr
RamLoc8          0x10000000         0x00002000         xrw
*default*        0x00000000         0xffffffff

Linker script and memory map

LOAD ./src/cr_startup_lpc13xx.o
LOAD ./src/crp.o
LOAD ./src/main.o
LOAD ./src/sysinit.o
LOAD ./lpc1343_uart/src/uart.o
LOAD ./lpc1343_timer/src/timer.o
LOAD ./lpc1343_i2c/src/i2c_control.o
LOAD ./lpc1343_i2c/src/i2c_init.o
LOAD ./lpc1343_i2c/src/i2c_mode.o
LOAD ./lpc1343_i2c/src/i2c_monitor.o
LOAD ./lpc1343_i2c/src/i2c_read.o
LOAD ./lpc1343_i2c/src/i2c_slave_addr.o
LOAD ./lpc1343_i2c/src/i2c_status.o
LOAD ./lpc1343_i2c/src/i2c_write.o
LOAD ./lpc1343_gpio/src/gpio.o
LOAD C:\Users\chris\Documents\MCUXpressoIDE_11.1.1_3241\workspace\lpc_board_nxp_lpcxpresso_1343\Debug\liblpc_board_nxp_lpcxpresso_1343.a
LOAD C:\Users\chris\Documents\MCUXpressoIDE_11.1.1_3241\workspace\lpc_chip_13xx\Debug\liblpc_chip_13xx.a
START GROUP
LOAD c:/nxp/mcuxpressoide_11.1.1_3241/ide/plugins/com.nxp.mcuxpresso.tools.win32_11.1.0.202001081728/tools/bin/../lib/gcc/arm-none-eabi/8.3.1/../../../../arm-none-eabi/lib/thumb/v7-m/nofp\libcr_c.a
LOAD c:/nxp/mcuxpressoide_11.1.1_3241/ide/plugins/com.nxp.mcuxpresso.tools.win32_11.1.0.202001081728/tools/bin/../lib/gcc/arm-none-eabi/8.3.1/thumb/v7-m/nofp\libcr_eabihelpers.a
LOAD c:/nxp/mcuxpressoide_11.1.1_3241/ide/plugins/com.nxp.mcuxpresso.tools.win32_11.1.0.202001081728/tools/bin/../lib/gcc/arm-none-eabi/8.3.1/thumb/v7-m/nofp\libgcc.a
END GROUP
                0x00000000                __base_MFlash32 = 0x0
                0x00000000                __base_Flash = 0x0
                0x00008000                __top_MFlash32 = 0x8000
                0x00008000                __top_Flash = 0x8000
                0x10000000                __base_RamLoc8 = 0x10000000
                0x10000000                __base_RAM = 0x10000000
                0x10002000                __top_RamLoc8 = 0x10002000
                0x10002000                __top_RAM = 0x10002000

.text           0x00000000      0xb0c
 FILL mask 0xff
                0x00000000                __vectors_start__ = ABSOLUTE (.)
 *(.isr_vector)
 .isr_vector    0x00000000      0x128 ./src/cr_startup_lpc13xx.o
                0x00000000                g_pfnVectors
                0x00000128                . = ALIGN (0x4)
                0x00000128                __section_table_start = .
                0x00000128                __data_section_table = .
                0x00000128        0x4 LONG 0xb0c LOADADDR (.data)
                0x0000012c        0x4 LONG 0x10000000 ADDR (.data)
                0x00000130        0x4 LONG 0x0 SIZEOF (.data)
                0x00000134                __data_section_table_end = .
                0x00000134                __bss_section_table = .
                0x00000134        0x4 LONG 0x10000000 ADDR (.bss)
                0x00000138        0x4 LONG 0x8 SIZEOF (.bss)
                0x0000013c                __bss_section_table_end = .
                0x0000013c                __section_table_end = .
 *(.after_vectors*)
 .after_vectors
                0x0000013c      0x13c ./src/cr_startup_lpc13xx.o
                0x0000013c                data_init
                0x0000017e                bss_init
                0x000001b4                ResetISR
                0x0000023c                NMI_Handler
                0x00000242                HardFault_Handler
                0x00000248                MemManage_Handler
                0x0000024e                BusFault_Handler
                0x00000254                UsageFault_Handler
                0x0000025a                SVC_Handler
                0x00000260                DebugMon_Handler
                0x00000266                PendSV_Handler
                0x0000026c                SysTick_Handler
                0x00000272                ADC_IRQHandler
                0x00000272                PIOINT1_IRQHandler
                0x00000272                PIOINT2_IRQHandler
                0x00000272                USB_IRQHandler
                0x00000272                USB_FIQHandler
                0x00000272                WAKEUP_IRQHandler
                0x00000272                PIOINT0_IRQHandler
                0x00000272                I2C_IRQHandler
                0x00000272                IntDefaultHandler
                0x00000272                WDT_IRQHandler
                0x00000272                BOD_IRQHandler
                0x00000272                SSP0_IRQHandler
                0x00000272                PIOINT3_IRQHandler
                0x00000272                SSP1_IRQHandler
                0x00000272                FMC_IRQHandler
                0x000002fc                . = 0x2fc
 *fill*         0x00000278       0x84 ff
                0x000002fc                PROVIDE (__CRP_WORD_START__ = .)
 *(.crp)
 .crp           0x000002fc        0x4 ./src/crp.o
                0x000002fc                CRP_WORD
                0x00000300                PROVIDE (__CRP_WORD_END__ = .)
                0x00000001                ASSERT (! ((__CRP_WORD_START__ == __CRP_WORD_END__)), Linker CRP Enabled, but no CRP_WORD provided within application)
 *(.text*)
 .text.main     0x00000300       0x28 ./src/main.o
                0x00000300                main
 .text.SystemInit
                0x00000328        0xc ./src/sysinit.o
                0x00000328                SystemInit
 .text.UART_IRQHandler
                0x00000334        0xc ./lpc1343_uart/src/uart.o
                0x00000334                UART_IRQHandler
 .text.NVIC_ClearPendingIRQ
                0x00000340       0x34 ./lpc1343_timer/src/timer.o
 .text.TIMER_start
                0x00000374       0x26 ./lpc1343_timer/src/timer.o
                0x00000374                TIMER_start
 *fill*         0x0000039a        0x2 ff
 .text.TIMER16_0_IRQHandler
                0x0000039c       0x20 ./lpc1343_timer/src/timer.o
                0x0000039c                TIMER16_0_IRQHandler
 .text.TIMER16_1_IRQHandler
                0x000003bc       0x20 ./lpc1343_timer/src/timer.o
                0x000003bc                TIMER16_1_IRQHandler
 .text.TIMER32_0_IRQHandler
                0x000003dc       0x94 ./lpc1343_timer/src/timer.o
                0x000003dc                TIMER32_0_IRQHandler
 .text.TIMER32_1_IRQHandler
                0x00000470       0x60 ./lpc1343_timer/src/timer.o
                0x00000470                TIMER32_1_IRQHandler
 .text.Chip_GPIO_WritePortBit
                0x000004d0       0x3e C:\Users\chris\Documents\MCUXpressoIDE_11.1.1_3241\workspace\lpc_board_nxp_lpcxpresso_1343\Debug\liblpc_board_nxp_lpcxpresso_1343.a(board.o)
 .text.Board_LED_Init
                0x0000050e       0x16 C:\Users\chris\Documents\MCUXpressoIDE_11.1.1_3241\workspace\lpc_board_nxp_lpcxpresso_1343\Debug\liblpc_board_nxp_lpcxpresso_1343.a(board.o)
 .text.Board_LED_Set
                0x00000524       0x2c C:\Users\chris\Documents\MCUXpressoIDE_11.1.1_3241\workspace\lpc_board_nxp_lpcxpresso_1343\Debug\liblpc_board_nxp_lpcxpresso_1343.a(board.o)
                0x00000524                Board_LED_Set
 .text.Board_Init
                0x00000550       0x14 C:\Users\chris\Documents\MCUXpressoIDE_11.1.1_3241\workspace\lpc_board_nxp_lpcxpresso_1343\Debug\liblpc_board_nxp_lpcxpresso_1343.a(board.o)
                0x00000550                Board_Init
 .text.Chip_SYSCTL_Map
                0x00000564       0x20 C:\Users\chris\Documents\MCUXpressoIDE_11.1.1_3241\workspace\lpc_board_nxp_lpcxpresso_1343\Debug\liblpc_board_nxp_lpcxpresso_1343.a(board_sysinit.o)
 .text.Chip_Clock_EnablePeriphClock
                0x00000584       0x30 C:\Users\chris\Documents\MCUXpressoIDE_11.1.1_3241\workspace\lpc_board_nxp_lpcxpresso_1343\Debug\liblpc_board_nxp_lpcxpresso_1343.a(board_sysinit.o)
 .text.Chip_IOCON_PinMuxSet
                0x000005b4       0x22 C:\Users\chris\Documents\MCUXpressoIDE_11.1.1_3241\workspace\lpc_board_nxp_lpcxpresso_1343\Debug\liblpc_board_nxp_lpcxpresso_1343.a(board_sysinit.o)
 .text.Chip_IOCON_SetPinMuxing
                0x000005d6       0x48 C:\Users\chris\Documents\MCUXpressoIDE_11.1.1_3241\workspace\lpc_board_nxp_lpcxpresso_1343\Debug\liblpc_board_nxp_lpcxpresso_1343.a(board_sysinit.o)
 *fill*         0x0000061e        0x2 ff
 .text.Board_SetupMuxing
                0x00000620       0x20 C:\Users\chris\Documents\MCUXpressoIDE_11.1.1_3241\workspace\lpc_board_nxp_lpcxpresso_1343\Debug\liblpc_board_nxp_lpcxpresso_1343.a(board_sysinit.o)
                0x00000620                Board_SetupMuxing
 .text.Board_SetupClocking
                0x00000640        0xc C:\Users\chris\Documents\MCUXpressoIDE_11.1.1_3241\workspace\lpc_board_nxp_lpcxpresso_1343\Debug\liblpc_board_nxp_lpcxpresso_1343.a(board_sysinit.o)
                0x00000640                Board_SetupClocking
 .text.Board_SystemInit
                0x0000064c       0x16 C:\Users\chris\Documents\MCUXpressoIDE_11.1.1_3241\workspace\lpc_board_nxp_lpcxpresso_1343\Debug\liblpc_board_nxp_lpcxpresso_1343.a(board_sysinit.o)
                0x0000064c                Board_SystemInit
 *fill*         0x00000662        0x2 ff
 .text.SystemCoreClockUpdate
                0x00000664       0x18 C:\Users\chris\Documents\MCUXpressoIDE_11.1.1_3241\workspace\lpc_chip_13xx\Debug\liblpc_chip_13xx.a(chip_13xx.o)
                0x00000664                SystemCoreClockUpdate
 .text.Chip_Clock_GetMainOscRate
                0x0000067c       0x14 C:\Users\chris\Documents\MCUXpressoIDE_11.1.1_3241\workspace\lpc_chip_13xx\Debug\liblpc_chip_13xx.a(clock_13xx.o)
 .text.Chip_Clock_GetIntOscRate
                0x00000690       0x14 C:\Users\chris\Documents\MCUXpressoIDE_11.1.1_3241\workspace\lpc_chip_13xx\Debug\liblpc_chip_13xx.a(clock_13xx.o)
 .text.Chip_Clock_GetWDTLFORate
                0x000006a4       0x3c C:\Users\chris\Documents\MCUXpressoIDE_11.1.1_3241\workspace\lpc_chip_13xx\Debug\liblpc_chip_13xx.a(clock_13xx.o)
 .text.Chip_Clock_GetPLLFreq
                0x000006e0       0x26 C:\Users\chris\Documents\MCUXpressoIDE_11.1.1_3241\workspace\lpc_chip_13xx\Debug\liblpc_chip_13xx.a(clock_13xx.o)
 *fill*         0x00000706        0x2 ff
 .text.Chip_Clock_SetSystemPLLSource
                0x00000708       0x2c C:\Users\chris\Documents\MCUXpressoIDE_11.1.1_3241\workspace\lpc_chip_13xx\Debug\liblpc_chip_13xx.a(clock_13xx.o)
                0x00000708                Chip_Clock_SetSystemPLLSource
 .text.Chip_Clock_SetMainClockSource
                0x00000734       0x2c C:\Users\chris\Documents\MCUXpressoIDE_11.1.1_3241\workspace\lpc_chip_13xx\Debug\liblpc_chip_13xx.a(clock_13xx.o)
                0x00000734                Chip_Clock_SetMainClockSource
 .text.Chip_Clock_GetWDTOSCRate
                0x00000760       0x18 C:\Users\chris\Documents\MCUXpressoIDE_11.1.1_3241\workspace\lpc_chip_13xx\Debug\liblpc_chip_13xx.a(clock_13xx.o)
                0x00000760                Chip_Clock_GetWDTOSCRate
 .text.Chip_Clock_GetSystemPLLInClockRate
                0x00000778       0x3c C:\Users\chris\Documents\MCUXpressoIDE_11.1.1_3241\workspace\lpc_chip_13xx\Debug\liblpc_chip_13xx.a(clock_13xx.o)
                0x00000778                Chip_Clock_GetSystemPLLInClockRate
 .text.Chip_Clock_GetSystemPLLOutClockRate
                0x000007b4       0x20 C:\Users\chris\Documents\MCUXpressoIDE_11.1.1_3241\workspace\lpc_chip_13xx\Debug\liblpc_chip_13xx.a(clock_13xx.o)
                0x000007b4                Chip_Clock_GetSystemPLLOutClockRate
 .text.Chip_Clock_GetMainClockRate
                0x000007d4       0x60 C:\Users\chris\Documents\MCUXpressoIDE_11.1.1_3241\workspace\lpc_chip_13xx\Debug\liblpc_chip_13xx.a(clock_13xx.o)
                0x000007d4                Chip_Clock_GetMainClockRate
 .text.Chip_Clock_GetSystemClockRate
                0x00000834       0x1c C:\Users\chris\Documents\MCUXpressoIDE_11.1.1_3241\workspace\lpc_chip_13xx\Debug\liblpc_chip_13xx.a(clock_13xx.o)
                0x00000834                Chip_Clock_GetSystemClockRate
 .text.Chip_Clock_EnablePeriphClock
                0x00000850       0x30 C:\Users\chris\Documents\MCUXpressoIDE_11.1.1_3241\workspace\lpc_chip_13xx\Debug\liblpc_chip_13xx.a(gpio_13xx_2.o)
 .text.Chip_GPIO_Init
                0x00000880       0x16 C:\Users\chris\Documents\MCUXpressoIDE_11.1.1_3241\workspace\lpc_chip_13xx\Debug\liblpc_chip_13xx.a(gpio_13xx_2.o)
                0x00000880                Chip_GPIO_Init
 .text.Chip_GPIO_WriteDirBit
                0x00000896       0x74 C:\Users\chris\Documents\MCUXpressoIDE_11.1.1_3241\workspace\lpc_chip_13xx\Debug\liblpc_chip_13xx.a(gpio_13xx_2.o)
                0x00000896                Chip_GPIO_WriteDirBit
 *fill*         0x0000090a        0x2 ff
 .text.Chip_SYSCTL_PowerDown
                0x0000090c       0x40 C:\Users\chris\Documents\MCUXpressoIDE_11.1.1_3241\workspace\lpc_chip_13xx\Debug\liblpc_chip_13xx.a(sysctl_13xx.o)
                0x0000090c                Chip_SYSCTL_PowerDown
 .text.Chip_SYSCTL_PowerUp
                0x0000094c       0x40 C:\Users\chris\Documents\MCUXpressoIDE_11.1.1_3241\workspace\lpc_chip_13xx\Debug\liblpc_chip_13xx.a(sysctl_13xx.o)
                0x0000094c                Chip_SYSCTL_PowerUp
 .text.Chip_Clock_SetupSystemPLL
                0x0000098c       0x34 C:\Users\chris\Documents\MCUXpressoIDE_11.1.1_3241\workspace\lpc_chip_13xx\Debug\liblpc_chip_13xx.a(sysinit_13xx.o)
 .text.Chip_Clock_IsSystemPLLLocked
                0x000009c0       0x24 C:\Users\chris\Documents\MCUXpressoIDE_11.1.1_3241\workspace\lpc_chip_13xx\Debug\liblpc_chip_13xx.a(sysinit_13xx.o)
 .text.Chip_Clock_SetSysClockDiv
                0x000009e4       0x1c C:\Users\chris\Documents\MCUXpressoIDE_11.1.1_3241\workspace\lpc_chip_13xx\Debug\liblpc_chip_13xx.a(sysinit_13xx.o)
 .text.Chip_FMC_SetFLASHAccess
                0x00000a00       0x2c C:\Users\chris\Documents\MCUXpressoIDE_11.1.1_3241\workspace\lpc_chip_13xx\Debug\liblpc_chip_13xx.a(sysinit_13xx.o)
 .text.Chip_SetupXtalClocking
                0x00000a2c       0x66 C:\Users\chris\Documents\MCUXpressoIDE_11.1.1_3241\workspace\lpc_chip_13xx\Debug\liblpc_chip_13xx.a(sysinit_13xx.o)
                0x00000a2c                Chip_SetupXtalClocking
 .text.__weak_main
                0x00000a92        0x4 c:/nxp/mcuxpressoide_11.1.1_3241/ide/plugins/com.nxp.mcuxpresso.tools.win32_11.1.0.202001081728/tools/bin/../lib/gcc/arm-none-eabi/8.3.1/../../../../arm-none-eabi/lib/thumb/v7-m/nofp\libcr_c.a(__weak__main.o)
                0x00000a92                __weak_main
                0x00000a92                __main
 *(.rodata .rodata.* .constdata .constdata.*)
 *fill*         0x00000a96        0x2 ff
 .rodata.OscRateIn
                0x00000a98        0x4 C:\Users\chris\Documents\MCUXpressoIDE_11.1.1_3241\workspace\lpc_board_nxp_lpcxpresso_1343\Debug\liblpc_board_nxp_lpcxpresso_1343.a(board.o)
                0x00000a98                OscRateIn
 .rodata.pinmuxing
                0x00000a9c       0x30 C:\Users\chris\Documents\MCUXpressoIDE_11.1.1_3241\workspace\lpc_board_nxp_lpcxpresso_1343\Debug\liblpc_board_nxp_lpcxpresso_1343.a(board_sysinit.o)
 .rodata.wdtOSCRate
                0x00000acc       0x40 C:\Users\chris\Documents\MCUXpressoIDE_11.1.1_3241\workspace\lpc_chip_13xx\Debug\liblpc_chip_13xx.a(clock_13xx.o)
                0x00000b0c                . = ALIGN (0x4)

.glue_7         0x00000b0c        0x0
 .glue_7        0x00000b0c        0x0 linker stubs

.glue_7t        0x00000b0c        0x0
 .glue_7t       0x00000b0c        0x0 linker stubs

.vfp11_veneer   0x00000b0c        0x0
 .vfp11_veneer  0x00000b0c        0x0 linker stubs

.v4_bx          0x00000b0c        0x0
 .v4_bx         0x00000b0c        0x0 linker stubs

.iplt           0x00000b0c        0x0
 .iplt          0x00000b0c        0x0 ./src/cr_startup_lpc13xx.o

.rel.dyn        0x00000b0c        0x0
 .rel.iplt      0x00000b0c        0x0 ./src/cr_startup_lpc13xx.o

.ARM.extab
 *(.ARM.extab* .gnu.linkonce.armextab.*)

.ARM.exidx      0x00000b0c        0x0
                0x00000b0c                __exidx_start = .
 *(.ARM.exidx* .gnu.linkonce.armexidx.*)
                0x00000b0c                __exidx_end = .
                0x00000b0c                _etext = .

.uninit_RESERVED
                0x10000000        0x0
                0x10000000                _start_uninit_RESERVED = .
 *(.bss.$RESERVED*)
                0x10000000                . = ALIGN (0x4)
                0x10000000                _end_uninit_RESERVED = .

.data           0x10000000        0x0 load address 0x00000b0c
 FILL mask 0xff
                0x10000000                _data = .
                [!provide]                PROVIDE (__start_data_RAM = .)
                [!provide]                PROVIDE (__start_data_RamLoc8 = .)
 *(vtable)
 *(.ramfunc*)
 *(CodeQuickAccess)
 *(DataQuickAccess)
 *(RamFunction)
 *(.data*)
                0x10000000                . = ALIGN (0x4)
                0x10000000                _edata = .
                [!provide]                PROVIDE (__end_data_RAM = .)
                [!provide]                PROVIDE (__end_data_RamLoc8 = .)

.igot.plt       0x10000000        0x0 load address 0x00000b0c
 .igot.plt      0x10000000        0x0 ./src/cr_startup_lpc13xx.o

.bss            0x10000000        0x8
                0x10000000                _bss = .
                [!provide]                PROVIDE (__start_bss_RAM = .)
                [!provide]                PROVIDE (__start_bss_RamLoc8 = .)
 *(.bss*)
 .bss.i.6304    0x10000000        0x4 ./src/main.o
 *(COMMON)
 COMMON         0x10000004        0x4 C:\Users\chris\Documents\MCUXpressoIDE_11.1.1_3241\workspace\lpc_chip_13xx\Debug\liblpc_chip_13xx.a(chip_13xx.o)
                0x10000004                SystemCoreClock
                0x10000008                . = ALIGN (0x4)
                0x10000008                _ebss = .
                [!provide]                PROVIDE (__end_bss_RAM = .)
                [!provide]                PROVIDE (__end_bss_RamLoc8 = .)
                [!provide]                PROVIDE (end = .)

.noinit         0x10000008        0x0
                0x10000008                _noinit = .
                [!provide]                PROVIDE (__start_noinit_RAM = .)
                [!provide]                PROVIDE (__start_noinit_RamLoc8 = .)
 *(.noinit*)
                0x10000008                . = ALIGN (0x4)
                0x10000008                _end_noinit = .
                [!provide]                PROVIDE (__end_noinit_RAM = .)
                [!provide]                PROVIDE (__end_noinit_RamLoc8 = .)
                [!provide]                PROVIDE (_pvHeapStart = DEFINED (__user_heap_base)?__user_heap_base:.)
                0x10002000                PROVIDE (_vStackTop = DEFINED (__user_stack_top)?__user_stack_top:(__top_RamLoc8 - 0x0))
                0xefffd2de                PROVIDE (__valid_user_code_checksum = (0x0 - ((((((_vStackTop + (ResetISR + 0x1)) + (NMI_Handler + 0x1)) + (HardFault_Handler + 0x1)) + (DEFINED (MemManage_Handler)?MemManage_Handler:0x0 + 0x1)) + (DEFINED (BusFault_Handler)?BusFault_Handler:0x0 + 0x1)) + (DEFINED (UsageFault_Handler)?UsageFault_Handler:0x0 + 0x1))))
                0x00000000                _image_start = LOADADDR (.text)
                0x00000b0c                _image_end = (LOADADDR (.data) + SIZEOF (.data))
                0x00000b0c                _image_size = (_image_end - _image_start)
OUTPUT(lpc1343.axf elf32-littlearm)

.debug_info     0x00000000     0x6074
 .debug_info    0x00000000      0x297 ./src/cr_startup_lpc13xx.o
 .debug_info    0x00000297       0x40 ./src/crp.o
 .debug_info    0x000002d7      0x246 ./src/main.o
 .debug_info    0x0000051d      0x22c ./src/sysinit.o
 .debug_info    0x00000749      0xcf0 ./lpc1343_uart/src/uart.o
 .debug_info    0x00001439      0xeb4 ./lpc1343_timer/src/timer.o
 .debug_info    0x000022ed      0x96c C:\Users\chris\Documents\MCUXpressoIDE_11.1.1_3241\workspace\lpc_board_nxp_lpcxpresso_1343\Debug\liblpc_board_nxp_lpcxpresso_1343.a(board.o)
 .debug_info    0x00002c59      0xa02 C:\Users\chris\Documents\MCUXpressoIDE_11.1.1_3241\workspace\lpc_board_nxp_lpcxpresso_1343\Debug\liblpc_board_nxp_lpcxpresso_1343.a(board_sysinit.o)
 .debug_info    0x0000365b      0x629 C:\Users\chris\Documents\MCUXpressoIDE_11.1.1_3241\workspace\lpc_chip_13xx\Debug\liblpc_chip_13xx.a(chip_13xx.o)
 .debug_info    0x00003c84      0x9f0 C:\Users\chris\Documents\MCUXpressoIDE_11.1.1_3241\workspace\lpc_chip_13xx\Debug\liblpc_chip_13xx.a(clock_13xx.o)
 .debug_info    0x00004674      0xc24 C:\Users\chris\Documents\MCUXpressoIDE_11.1.1_3241\workspace\lpc_chip_13xx\Debug\liblpc_chip_13xx.a(gpio_13xx_2.o)
 .debug_info    0x00005298      0x60b C:\Users\chris\Documents\MCUXpressoIDE_11.1.1_3241\workspace\lpc_chip_13xx\Debug\liblpc_chip_13xx.a(sysctl_13xx.o)
 .debug_info    0x000058a3      0x7d1 C:\Users\chris\Documents\MCUXpressoIDE_11.1.1_3241\workspace\lpc_chip_13xx\Debug\liblpc_chip_13xx.a(sysinit_13xx.o)

.debug_abbrev   0x00000000     0x158b
 .debug_abbrev  0x00000000      0x153 ./src/cr_startup_lpc13xx.o
 .debug_abbrev  0x00000153       0x38 ./src/crp.o
 .debug_abbrev  0x0000018b       0xe6 ./src/main.o
 .debug_abbrev  0x00000271       0xd3 ./src/sysinit.o
 .debug_abbrev  0x00000344      0x254 ./lpc1343_uart/src/uart.o
 .debug_abbrev  0x00000598      0x291 ./lpc1343_timer/src/timer.o
 .debug_abbrev  0x00000829      0x2ae C:\Users\chris\Documents\MCUXpressoIDE_11.1.1_3241\workspace\lpc_board_nxp_lpcxpresso_1343\Debug\liblpc_board_nxp_lpcxpresso_1343.a(board.o)
 .debug_abbrev  0x00000ad7      0x22b C:\Users\chris\Documents\MCUXpressoIDE_11.1.1_3241\workspace\lpc_board_nxp_lpcxpresso_1343\Debug\liblpc_board_nxp_lpcxpresso_1343.a(board_sysinit.o)
 .debug_abbrev  0x00000d02      0x176 C:\Users\chris\Documents\MCUXpressoIDE_11.1.1_3241\workspace\lpc_chip_13xx\Debug\liblpc_chip_13xx.a(chip_13xx.o)
 .debug_abbrev  0x00000e78      0x205 C:\Users\chris\Documents\MCUXpressoIDE_11.1.1_3241\workspace\lpc_chip_13xx\Debug\liblpc_chip_13xx.a(clock_13xx.o)
 .debug_abbrev  0x0000107d      0x219 C:\Users\chris\Documents\MCUXpressoIDE_11.1.1_3241\workspace\lpc_chip_13xx\Debug\liblpc_chip_13xx.a(gpio_13xx_2.o)
 .debug_abbrev  0x00001296      0x12f C:\Users\chris\Documents\MCUXpressoIDE_11.1.1_3241\workspace\lpc_chip_13xx\Debug\liblpc_chip_13xx.a(sysctl_13xx.o)
 .debug_abbrev  0x000013c5      0x1c6 C:\Users\chris\Documents\MCUXpressoIDE_11.1.1_3241\workspace\lpc_chip_13xx\Debug\liblpc_chip_13xx.a(sysinit_13xx.o)

.debug_aranges  0x00000000      0x4c8
 .debug_aranges
                0x00000000       0x80 ./src/cr_startup_lpc13xx.o
 .debug_aranges
                0x00000080       0x18 ./src/crp.o
 .debug_aranges
                0x00000098       0x20 ./src/main.o
 .debug_aranges
                0x000000b8       0x20 ./src/sysinit.o
 .debug_aranges
                0x000000d8       0x40 ./lpc1343_uart/src/uart.o
 .debug_aranges
                0x00000118       0x80 ./lpc1343_timer/src/timer.o
 .debug_aranges
                0x00000198       0xc8 C:\Users\chris\Documents\MCUXpressoIDE_11.1.1_3241\workspace\lpc_board_nxp_lpcxpresso_1343\Debug\liblpc_board_nxp_lpcxpresso_1343.a(board.o)
 .debug_aranges
                0x00000260       0x50 C:\Users\chris\Documents\MCUXpressoIDE_11.1.1_3241\workspace\lpc_board_nxp_lpcxpresso_1343\Debug\liblpc_board_nxp_lpcxpresso_1343.a(board_sysinit.o)
 .debug_aranges
                0x000002b0       0x38 C:\Users\chris\Documents\MCUXpressoIDE_11.1.1_3241\workspace\lpc_chip_13xx\Debug\liblpc_chip_13xx.a(chip_13xx.o)
 .debug_aranges
                0x000002e8       0xa8 C:\Users\chris\Documents\MCUXpressoIDE_11.1.1_3241\workspace\lpc_chip_13xx\Debug\liblpc_chip_13xx.a(clock_13xx.o)
 .debug_aranges
                0x00000390       0xb0 C:\Users\chris\Documents\MCUXpressoIDE_11.1.1_3241\workspace\lpc_chip_13xx\Debug\liblpc_chip_13xx.a(gpio_13xx_2.o)
 .debug_aranges
                0x00000440       0x38 C:\Users\chris\Documents\MCUXpressoIDE_11.1.1_3241\workspace\lpc_chip_13xx\Debug\liblpc_chip_13xx.a(sysctl_13xx.o)
 .debug_aranges
                0x00000478       0x50 C:\Users\chris\Documents\MCUXpressoIDE_11.1.1_3241\workspace\lpc_chip_13xx\Debug\liblpc_chip_13xx.a(sysinit_13xx.o)

.debug_ranges   0x00000000      0x3f0
 .debug_ranges  0x00000000       0x70 ./src/cr_startup_lpc13xx.o
 .debug_ranges  0x00000070       0x10 ./src/main.o
 .debug_ranges  0x00000080       0x10 ./src/sysinit.o
 .debug_ranges  0x00000090       0x30 ./lpc1343_uart/src/uart.o
 .debug_ranges  0x000000c0       0x70 ./lpc1343_timer/src/timer.o
 .debug_ranges  0x00000130       0xb8 C:\Users\chris\Documents\MCUXpressoIDE_11.1.1_3241\workspace\lpc_board_nxp_lpcxpresso_1343\Debug\liblpc_board_nxp_lpcxpresso_1343.a(board.o)
 .debug_ranges  0x000001e8       0x40 C:\Users\chris\Documents\MCUXpressoIDE_11.1.1_3241\workspace\lpc_board_nxp_lpcxpresso_1343\Debug\liblpc_board_nxp_lpcxpresso_1343.a(board_sysinit.o)
 .debug_ranges  0x00000228       0x28 C:\Users\chris\Documents\MCUXpressoIDE_11.1.1_3241\workspace\lpc_chip_13xx\Debug\liblpc_chip_13xx.a(chip_13xx.o)
 .debug_ranges  0x00000250       0x98 C:\Users\chris\Documents\MCUXpressoIDE_11.1.1_3241\workspace\lpc_chip_13xx\Debug\liblpc_chip_13xx.a(clock_13xx.o)
 .debug_ranges  0x000002e8       0xa0 C:\Users\chris\Documents\MCUXpressoIDE_11.1.1_3241\workspace\lpc_chip_13xx\Debug\liblpc_chip_13xx.a(gpio_13xx_2.o)
 .debug_ranges  0x00000388       0x28 C:\Users\chris\Documents\MCUXpressoIDE_11.1.1_3241\workspace\lpc_chip_13xx\Debug\liblpc_chip_13xx.a(sysctl_13xx.o)
 .debug_ranges  0x000003b0       0x40 C:\Users\chris\Documents\MCUXpressoIDE_11.1.1_3241\workspace\lpc_chip_13xx\Debug\liblpc_chip_13xx.a(sysinit_13xx.o)

.debug_macro    0x00000000     0x450f
 .debug_macro   0x00000000       0x1d ./src/cr_startup_lpc13xx.o
 .debug_macro   0x0000001d      0xaa8 ./src/cr_startup_lpc13xx.o
 .debug_macro   0x00000ac5       0x1a ./src/crp.o
 .debug_macro   0x00000adf       0x34 ./src/crp.o
 .debug_macro   0x00000b13      0x17e ./src/main.o
 .debug_macro   0x00000c91       0x10 ./src/main.o
 .debug_macro   0x00000ca1      0x12e ./src/main.o
 .debug_macro   0x00000dcf      0x5b3 ./src/main.o
 .debug_macro   0x00001382       0x22 ./src/main.o
 .debug_macro   0x000013a4       0x89 ./src/main.o
 .debug_macro   0x0000142d       0x10 ./src/main.o
 .debug_macro   0x0000143d       0x26 ./src/main.o
 .debug_macro   0x00001463       0x3a ./src/main.o
 .debug_macro   0x0000149d       0x2d ./src/main.o
 .debug_macro   0x000014ca      0xa8b ./src/main.o
 .debug_macro   0x00001f55       0xef ./src/main.o
 .debug_macro   0x00002044       0xdc ./src/main.o
 .debug_macro   0x00002120       0x10 ./src/main.o
 .debug_macro   0x00002130      0x145 ./src/main.o
 .debug_macro   0x00002275       0x82 ./src/main.o
 .debug_macro   0x000022f7      0x21b ./src/main.o
 .debug_macro   0x00002512       0x40 ./src/main.o
 .debug_macro   0x00002552       0x2e ./src/main.o
 .debug_macro   0x00002580       0xb9 ./src/main.o
 .debug_macro   0x00002639       0x4c ./src/main.o
 .debug_macro   0x00002685       0x16 ./src/main.o
 .debug_macro   0x0000269b      0x31a ./src/main.o
 .debug_macro   0x000029b5       0x3a ./src/main.o
 .debug_macro   0x000029ef       0x1c ./src/main.o
 .debug_macro   0x00002a0b       0x2e ./src/main.o
 .debug_macro   0x00002a39       0x9a ./src/main.o
 .debug_macro   0x00002ad3       0x20 ./src/main.o
 .debug_macro   0x00002af3       0x82 ./src/main.o
 .debug_macro   0x00002b75      0x175 ./src/sysinit.o
 .debug_macro   0x00002cea      0x17f ./lpc1343_uart/src/uart.o
 .debug_macro   0x00002e69      0x193 ./lpc1343_timer/src/timer.o
 .debug_macro   0x00002ffc       0x22 ./lpc1343_timer/src/timer.o
 .debug_macro   0x0000301e       0x70 ./lpc1343_timer/src/timer.o
 .debug_macro   0x0000308e      0x1eb C:\Users\chris\Documents\MCUXpressoIDE_11.1.1_3241\workspace\lpc_board_nxp_lpcxpresso_1343\Debug\liblpc_board_nxp_lpcxpresso_1343.a(board.o)
 .debug_macro   0x00003279      0xa9c C:\Users\chris\Documents\MCUXpressoIDE_11.1.1_3241\workspace\lpc_board_nxp_lpcxpresso_1343\Debug\liblpc_board_nxp_lpcxpresso_1343.a(board.o)
 .debug_macro   0x00003d15       0x12 C:\Users\chris\Documents\MCUXpressoIDE_11.1.1_3241\workspace\lpc_board_nxp_lpcxpresso_1343\Debug\liblpc_board_nxp_lpcxpresso_1343.a(board.o)
 .debug_macro   0x00003d27      0x183 C:\Users\chris\Documents\MCUXpressoIDE_11.1.1_3241\workspace\lpc_board_nxp_lpcxpresso_1343\Debug\liblpc_board_nxp_lpcxpresso_1343.a(board_sysinit.o)
 .debug_macro   0x00003eaa      0x13f C:\Users\chris\Documents\MCUXpressoIDE_11.1.1_3241\workspace\lpc_chip_13xx\Debug\liblpc_chip_13xx.a(chip_13xx.o)
 .debug_macro   0x00003fe9      0x13f C:\Users\chris\Documents\MCUXpressoIDE_11.1.1_3241\workspace\lpc_chip_13xx\Debug\liblpc_chip_13xx.a(clock_13xx.o)
 .debug_macro   0x00004128      0x13f C:\Users\chris\Documents\MCUXpressoIDE_11.1.1_3241\workspace\lpc_chip_13xx\Debug\liblpc_chip_13xx.a(gpio_13xx_2.o)
 .debug_macro   0x00004267      0x169 C:\Users\chris\Documents\MCUXpressoIDE_11.1.1_3241\workspace\lpc_chip_13xx\Debug\liblpc_chip_13xx.a(sysctl_13xx.o)
 .debug_macro   0x000043d0      0x13f C:\Users\chris\Documents\MCUXpressoIDE_11.1.1_3241\workspace\lpc_chip_13xx\Debug\liblpc_chip_13xx.a(sysinit_13xx.o)

.debug_line     0x00000000     0x3827
 .debug_line    0x00000000      0x165 ./src/cr_startup_lpc13xx.o
 .debug_line    0x00000165       0xb1 ./src/crp.o
 .debug_line    0x00000216      0x454 ./src/main.o
 .debug_line    0x0000066a      0x3b3 ./src/sysinit.o
 .debug_line    0x00000a1d      0x4a6 ./lpc1343_uart/src/uart.o
 .debug_line    0x00000ec3      0x719 ./lpc1343_timer/src/timer.o
 .debug_line    0x000015dc      0x65c C:\Users\chris\Documents\MCUXpressoIDE_11.1.1_3241\workspace\lpc_board_nxp_lpcxpresso_1343\Debug\liblpc_board_nxp_lpcxpresso_1343.a(board.o)
 .debug_line    0x00001c38      0x4a8 C:\Users\chris\Documents\MCUXpressoIDE_11.1.1_3241\workspace\lpc_board_nxp_lpcxpresso_1343\Debug\liblpc_board_nxp_lpcxpresso_1343.a(board_sysinit.o)
 .debug_line    0x000020e0      0x3af C:\Users\chris\Documents\MCUXpressoIDE_11.1.1_3241\workspace\lpc_chip_13xx\Debug\liblpc_chip_13xx.a(chip_13xx.o)
 .debug_line    0x0000248f      0x5f7 C:\Users\chris\Documents\MCUXpressoIDE_11.1.1_3241\workspace\lpc_chip_13xx\Debug\liblpc_chip_13xx.a(clock_13xx.o)
 .debug_line    0x00002a86      0x59e C:\Users\chris\Documents\MCUXpressoIDE_11.1.1_3241\workspace\lpc_chip_13xx\Debug\liblpc_chip_13xx.a(gpio_13xx_2.o)
 .debug_line    0x00003024      0x3b5 C:\Users\chris\Documents\MCUXpressoIDE_11.1.1_3241\workspace\lpc_chip_13xx\Debug\liblpc_chip_13xx.a(sysctl_13xx.o)
 .debug_line    0x000033d9      0x44e C:\Users\chris\Documents\MCUXpressoIDE_11.1.1_3241\workspace\lpc_chip_13xx\Debug\liblpc_chip_13xx.a(sysinit_13xx.o)

.debug_str      0x00000000     0xe614
 .debug_str     0x00000000     0x2fab ./src/cr_startup_lpc13xx.o
                               0x2fbe (size before relaxing)
 .debug_str     0x00002fab       0xe9 ./src/crp.o
                               0x2ec2 (size before relaxing)
 .debug_str     0x00003094     0x9251 ./src/main.o
                               0xc123 (size before relaxing)
 .debug_str     0x0000c2e5       0x11 ./src/sysinit.o
                               0xbce3 (size before relaxing)
 .debug_str     0x0000c2f6      0x903 ./lpc1343_uart/src/uart.o
                               0xc645 (size before relaxing)
 .debug_str     0x0000cbf9      0x610 ./lpc1343_timer/src/timer.o
                               0xc978 (size before relaxing)
 .debug_str     0x0000d209      0x69d C:\Users\chris\Documents\MCUXpressoIDE_11.1.1_3241\workspace\lpc_board_nxp_lpcxpresso_1343\Debug\liblpc_board_nxp_lpcxpresso_1343.a(board.o)
                               0xc474 (size before relaxing)
 .debug_str     0x0000d8a6      0x169 C:\Users\chris\Documents\MCUXpressoIDE_11.1.1_3241\workspace\lpc_board_nxp_lpcxpresso_1343\Debug\liblpc_board_nxp_lpcxpresso_1343.a(board_sysinit.o)
                               0xc49c (size before relaxing)
 .debug_str     0x0000da0f      0x186 C:\Users\chris\Documents\MCUXpressoIDE_11.1.1_3241\workspace\lpc_chip_13xx\Debug\liblpc_chip_13xx.a(chip_13xx.o)
                               0xbcda (size before relaxing)
 .debug_str     0x0000db95      0x537 C:\Users\chris\Documents\MCUXpressoIDE_11.1.1_3241\workspace\lpc_chip_13xx\Debug\liblpc_chip_13xx.a(clock_13xx.o)
                               0xc19c (size before relaxing)
 .debug_str     0x0000e0cc      0x25c C:\Users\chris\Documents\MCUXpressoIDE_11.1.1_3241\workspace\lpc_chip_13xx\Debug\liblpc_chip_13xx.a(gpio_13xx_2.o)
                               0xbfd0 (size before relaxing)
 .debug_str     0x0000e328      0x19f C:\Users\chris\Documents\MCUXpressoIDE_11.1.1_3241\workspace\lpc_chip_13xx\Debug\liblpc_chip_13xx.a(sysctl_13xx.o)
                               0xbd3c (size before relaxing)
 .debug_str     0x0000e4c7      0x14d C:\Users\chris\Documents\MCUXpressoIDE_11.1.1_3241\workspace\lpc_chip_13xx\Debug\liblpc_chip_13xx.a(sysinit_13xx.o)
                               0xbdf6 (size before relaxing)

.comment        0x00000000       0x76
 .comment       0x00000000       0x76 ./src/cr_startup_lpc13xx.o
                                 0x77 (size before relaxing)
 .comment       0x00000076       0x77 ./src/crp.o
 .comment       0x00000076       0x77 ./src/main.o
 .comment       0x00000076       0x77 ./src/sysinit.o
 .comment       0x00000076       0x77 ./lpc1343_uart/src/uart.o
 .comment       0x00000076       0x77 ./lpc1343_timer/src/timer.o
 .comment       0x00000076       0x77 C:\Users\chris\Documents\MCUXpressoIDE_11.1.1_3241\workspace\lpc_board_nxp_lpcxpresso_1343\Debug\liblpc_board_nxp_lpcxpresso_1343.a(board.o)
 .comment       0x00000076       0x77 C:\Users\chris\Documents\MCUXpressoIDE_11.1.1_3241\workspace\lpc_board_nxp_lpcxpresso_1343\Debug\liblpc_board_nxp_lpcxpresso_1343.a(board_sysinit.o)
 .comment       0x00000076       0x77 C:\Users\chris\Documents\MCUXpressoIDE_11.1.1_3241\workspace\lpc_chip_13xx\Debug\liblpc_chip_13xx.a(chip_13xx.o)
 .comment       0x00000076       0x77 C:\Users\chris\Documents\MCUXpressoIDE_11.1.1_3241\workspace\lpc_chip_13xx\Debug\liblpc_chip_13xx.a(clock_13xx.o)
 .comment       0x00000076       0x77 C:\Users\chris\Documents\MCUXpressoIDE_11.1.1_3241\workspace\lpc_chip_13xx\Debug\liblpc_chip_13xx.a(gpio_13xx_2.o)
 .comment       0x00000076       0x77 C:\Users\chris\Documents\MCUXpressoIDE_11.1.1_3241\workspace\lpc_chip_13xx\Debug\liblpc_chip_13xx.a(sysctl_13xx.o)
 .comment       0x00000076       0x77 C:\Users\chris\Documents\MCUXpressoIDE_11.1.1_3241\workspace\lpc_chip_13xx\Debug\liblpc_chip_13xx.a(sysinit_13xx.o)
 .comment       0x00000076       0x77 c:/nxp/mcuxpressoide_11.1.1_3241/ide/plugins/com.nxp.mcuxpresso.tools.win32_11.1.0.202001081728/tools/bin/../lib/gcc/arm-none-eabi/8.3.1/../../../../arm-none-eabi/lib/thumb/v7-m/nofp\libcr_c.a(__weak__main.o)

.ARM.attributes
                0x00000000       0x2d
 .ARM.attributes
                0x00000000       0x2d ./src/cr_startup_lpc13xx.o
 .ARM.attributes
                0x0000002d       0x33 ./src/crp.o
 .ARM.attributes
                0x00000060       0x2d ./src/main.o
 .ARM.attributes
                0x0000008d       0x2d ./src/sysinit.o
 .ARM.attributes
                0x000000ba       0x2d ./lpc1343_uart/src/uart.o
 .ARM.attributes
                0x000000e7       0x2d ./lpc1343_timer/src/timer.o
 .ARM.attributes
                0x00000114       0x2d C:\Users\chris\Documents\MCUXpressoIDE_11.1.1_3241\workspace\lpc_board_nxp_lpcxpresso_1343\Debug\liblpc_board_nxp_lpcxpresso_1343.a(board.o)
 .ARM.attributes
                0x00000141       0x2d C:\Users\chris\Documents\MCUXpressoIDE_11.1.1_3241\workspace\lpc_board_nxp_lpcxpresso_1343\Debug\liblpc_board_nxp_lpcxpresso_1343.a(board_sysinit.o)
 .ARM.attributes
                0x0000016e       0x2d C:\Users\chris\Documents\MCUXpressoIDE_11.1.1_3241\workspace\lpc_chip_13xx\Debug\liblpc_chip_13xx.a(chip_13xx.o)
 .ARM.attributes
                0x0000019b       0x2d C:\Users\chris\Documents\MCUXpressoIDE_11.1.1_3241\workspace\lpc_chip_13xx\Debug\liblpc_chip_13xx.a(clock_13xx.o)
 .ARM.attributes
                0x000001c8       0x2d C:\Users\chris\Documents\MCUXpressoIDE_11.1.1_3241\workspace\lpc_chip_13xx\Debug\liblpc_chip_13xx.a(gpio_13xx_2.o)
 .ARM.attributes
                0x000001f5       0x2d C:\Users\chris\Documents\MCUXpressoIDE_11.1.1_3241\workspace\lpc_chip_13xx\Debug\liblpc_chip_13xx.a(sysctl_13xx.o)
 .ARM.attributes
                0x00000222       0x2d C:\Users\chris\Documents\MCUXpressoIDE_11.1.1_3241\workspace\lpc_chip_13xx\Debug\liblpc_chip_13xx.a(sysinit_13xx.o)
 .ARM.attributes
                0x0000024f       0x2d c:/nxp/mcuxpressoide_11.1.1_3241/ide/plugins/com.nxp.mcuxpresso.tools.win32_11.1.0.202001081728/tools/bin/../lib/gcc/arm-none-eabi/8.3.1/../../../../arm-none-eabi/lib/thumb/v7-m/nofp\libcr_c.a(__weak__main.o)

.debug_frame    0x00000000     0x1040
 .debug_frame   0x00000000      0x170 ./src/cr_startup_lpc13xx.o
 .debug_frame   0x00000170       0x2c ./src/main.o
 .debug_frame   0x0000019c       0x2c ./src/sysinit.o
 .debug_frame   0x000001c8       0xbc ./lpc1343_uart/src/uart.o
 .debug_frame   0x00000284      0x1cc ./lpc1343_timer/src/timer.o
 .debug_frame   0x00000450      0x31c C:\Users\chris\Documents\MCUXpressoIDE_11.1.1_3241\workspace\lpc_board_nxp_lpcxpresso_1343\Debug\liblpc_board_nxp_lpcxpresso_1343.a(board.o)
 .debug_frame   0x0000076c      0x100 C:\Users\chris\Documents\MCUXpressoIDE_11.1.1_3241\workspace\lpc_board_nxp_lpcxpresso_1343\Debug\liblpc_board_nxp_lpcxpresso_1343.a(board_sysinit.o)
 .debug_frame   0x0000086c       0x90 C:\Users\chris\Documents\MCUXpressoIDE_11.1.1_3241\workspace\lpc_chip_13xx\Debug\liblpc_chip_13xx.a(chip_13xx.o)
 .debug_frame   0x000008fc      0x29c C:\Users\chris\Documents\MCUXpressoIDE_11.1.1_3241\workspace\lpc_chip_13xx\Debug\liblpc_chip_13xx.a(clock_13xx.o)
 .debug_frame   0x00000b98      0x2f4 C:\Users\chris\Documents\MCUXpressoIDE_11.1.1_3241\workspace\lpc_chip_13xx\Debug\liblpc_chip_13xx.a(gpio_13xx_2.o)
 .debug_frame   0x00000e8c       0xb0 C:\Users\chris\Documents\MCUXpressoIDE_11.1.1_3241\workspace\lpc_chip_13xx\Debug\liblpc_chip_13xx.a(sysctl_13xx.o)
 .debug_frame   0x00000f3c      0x104 C:\Users\chris\Documents\MCUXpressoIDE_11.1.1_3241\workspace\lpc_chip_13xx\Debug\liblpc_chip_13xx.a(sysinit_13xx.o)

Cross Reference Table

Symbol                                            File
ADC_IRQHandler                                    ./src/cr_startup_lpc13xx.o
BOD_IRQHandler                                    ./src/cr_startup_lpc13xx.o
Board_ADC_Init                                    C:\Users\chris\Documents\MCUXpressoIDE_11.1.1_3241\workspace\lpc_board_nxp_lpcxpresso_1343\Debug\liblpc_board_nxp_lpcxpresso_1343.a(board.o)
Board_Buttons_Init                                C:\Users\chris\Documents\MCUXpressoIDE_11.1.1_3241\workspace\lpc_board_nxp_lpcxpresso_1343\Debug\liblpc_board_nxp_lpcxpresso_1343.a(board.o)
Board_Debug_Init                                  C:\Users\chris\Documents\MCUXpressoIDE_11.1.1_3241\workspace\lpc_board_nxp_lpcxpresso_1343\Debug\liblpc_board_nxp_lpcxpresso_1343.a(board.o)
Board_Init                                        C:\Users\chris\Documents\MCUXpressoIDE_11.1.1_3241\workspace\lpc_board_nxp_lpcxpresso_1343\Debug\liblpc_board_nxp_lpcxpresso_1343.a(board.o)
                                                  ./src/main.o
Board_Joystick_Init                               C:\Users\chris\Documents\MCUXpressoIDE_11.1.1_3241\workspace\lpc_board_nxp_lpcxpresso_1343\Debug\liblpc_board_nxp_lpcxpresso_1343.a(board.o)
Board_LED_Set                                     C:\Users\chris\Documents\MCUXpressoIDE_11.1.1_3241\workspace\lpc_board_nxp_lpcxpresso_1343\Debug\liblpc_board_nxp_lpcxpresso_1343.a(board.o)
                                                  ./src/main.o
Board_LED_Test                                    C:\Users\chris\Documents\MCUXpressoIDE_11.1.1_3241\workspace\lpc_board_nxp_lpcxpresso_1343\Debug\liblpc_board_nxp_lpcxpresso_1343.a(board.o)
Board_LED_Toggle                                  C:\Users\chris\Documents\MCUXpressoIDE_11.1.1_3241\workspace\lpc_board_nxp_lpcxpresso_1343\Debug\liblpc_board_nxp_lpcxpresso_1343.a(board.o)
Board_SSP_Init                                    C:\Users\chris\Documents\MCUXpressoIDE_11.1.1_3241\workspace\lpc_board_nxp_lpcxpresso_1343\Debug\liblpc_board_nxp_lpcxpresso_1343.a(board.o)
Board_SetupClocking                               C:\Users\chris\Documents\MCUXpressoIDE_11.1.1_3241\workspace\lpc_board_nxp_lpcxpresso_1343\Debug\liblpc_board_nxp_lpcxpresso_1343.a(board_sysinit.o)
Board_SetupMuxing                                 C:\Users\chris\Documents\MCUXpressoIDE_11.1.1_3241\workspace\lpc_board_nxp_lpcxpresso_1343\Debug\liblpc_board_nxp_lpcxpresso_1343.a(board_sysinit.o)
Board_SystemInit                                  C:\Users\chris\Documents\MCUXpressoIDE_11.1.1_3241\workspace\lpc_board_nxp_lpcxpresso_1343\Debug\liblpc_board_nxp_lpcxpresso_1343.a(board_sysinit.o)
                                                  ./src/sysinit.o
Board_UARTGetChar                                 C:\Users\chris\Documents\MCUXpressoIDE_11.1.1_3241\workspace\lpc_board_nxp_lpcxpresso_1343\Debug\liblpc_board_nxp_lpcxpresso_1343.a(board.o)
Board_UARTPutChar                                 C:\Users\chris\Documents\MCUXpressoIDE_11.1.1_3241\workspace\lpc_board_nxp_lpcxpresso_1343\Debug\liblpc_board_nxp_lpcxpresso_1343.a(board.o)
Board_UARTPutSTR                                  C:\Users\chris\Documents\MCUXpressoIDE_11.1.1_3241\workspace\lpc_board_nxp_lpcxpresso_1343\Debug\liblpc_board_nxp_lpcxpresso_1343.a(board.o)
Board_UART_Init                                   C:\Users\chris\Documents\MCUXpressoIDE_11.1.1_3241\workspace\lpc_board_nxp_lpcxpresso_1343\Debug\liblpc_board_nxp_lpcxpresso_1343.a(board.o)
BusFault_Handler                                  ./src/cr_startup_lpc13xx.o
CRP_WORD                                          ./src/crp.o
Chip_Clock_GetMainClockRate                       C:\Users\chris\Documents\MCUXpressoIDE_11.1.1_3241\workspace\lpc_chip_13xx\Debug\liblpc_chip_13xx.a(clock_13xx.o)
Chip_Clock_GetSystemClockRate                     C:\Users\chris\Documents\MCUXpressoIDE_11.1.1_3241\workspace\lpc_chip_13xx\Debug\liblpc_chip_13xx.a(clock_13xx.o)
                                                  C:\Users\chris\Documents\MCUXpressoIDE_11.1.1_3241\workspace\lpc_chip_13xx\Debug\liblpc_chip_13xx.a(chip_13xx.o)
Chip_Clock_GetSystemPLLInClockRate                C:\Users\chris\Documents\MCUXpressoIDE_11.1.1_3241\workspace\lpc_chip_13xx\Debug\liblpc_chip_13xx.a(clock_13xx.o)
Chip_Clock_GetSystemPLLOutClockRate               C:\Users\chris\Documents\MCUXpressoIDE_11.1.1_3241\workspace\lpc_chip_13xx\Debug\liblpc_chip_13xx.a(clock_13xx.o)
Chip_Clock_GetUSBPLLInClockRate                   C:\Users\chris\Documents\MCUXpressoIDE_11.1.1_3241\workspace\lpc_chip_13xx\Debug\liblpc_chip_13xx.a(clock_13xx.o)
Chip_Clock_GetUSBPLLOutClockRate                  C:\Users\chris\Documents\MCUXpressoIDE_11.1.1_3241\workspace\lpc_chip_13xx\Debug\liblpc_chip_13xx.a(clock_13xx.o)
Chip_Clock_GetWDTOSCRate                          C:\Users\chris\Documents\MCUXpressoIDE_11.1.1_3241\workspace\lpc_chip_13xx\Debug\liblpc_chip_13xx.a(clock_13xx.o)
Chip_Clock_SetCLKOUTSource                        C:\Users\chris\Documents\MCUXpressoIDE_11.1.1_3241\workspace\lpc_chip_13xx\Debug\liblpc_chip_13xx.a(clock_13xx.o)
Chip_Clock_SetMainClockSource                     C:\Users\chris\Documents\MCUXpressoIDE_11.1.1_3241\workspace\lpc_chip_13xx\Debug\liblpc_chip_13xx.a(clock_13xx.o)
                                                  C:\Users\chris\Documents\MCUXpressoIDE_11.1.1_3241\workspace\lpc_chip_13xx\Debug\liblpc_chip_13xx.a(sysinit_13xx.o)
Chip_Clock_SetPLLBypass                           C:\Users\chris\Documents\MCUXpressoIDE_11.1.1_3241\workspace\lpc_chip_13xx\Debug\liblpc_chip_13xx.a(clock_13xx.o)
Chip_Clock_SetSystemPLLSource                     C:\Users\chris\Documents\MCUXpressoIDE_11.1.1_3241\workspace\lpc_chip_13xx\Debug\liblpc_chip_13xx.a(clock_13xx.o)
                                                  C:\Users\chris\Documents\MCUXpressoIDE_11.1.1_3241\workspace\lpc_chip_13xx\Debug\liblpc_chip_13xx.a(sysinit_13xx.o)
Chip_Clock_SetUSBClockSource                      C:\Users\chris\Documents\MCUXpressoIDE_11.1.1_3241\workspace\lpc_chip_13xx\Debug\liblpc_chip_13xx.a(clock_13xx.o)
                                                  C:\Users\chris\Documents\MCUXpressoIDE_11.1.1_3241\workspace\lpc_chip_13xx\Debug\liblpc_chip_13xx.a(chip_13xx.o)
Chip_Clock_SetUSBPLLSource                        C:\Users\chris\Documents\MCUXpressoIDE_11.1.1_3241\workspace\lpc_chip_13xx\Debug\liblpc_chip_13xx.a(clock_13xx.o)
                                                  C:\Users\chris\Documents\MCUXpressoIDE_11.1.1_3241\workspace\lpc_chip_13xx\Debug\liblpc_chip_13xx.a(chip_13xx.o)
Chip_Clock_SetWDTClockSource                      C:\Users\chris\Documents\MCUXpressoIDE_11.1.1_3241\workspace\lpc_chip_13xx\Debug\liblpc_chip_13xx.a(clock_13xx.o)
Chip_GPIO_DeInit                                  C:\Users\chris\Documents\MCUXpressoIDE_11.1.1_3241\workspace\lpc_chip_13xx\Debug\liblpc_chip_13xx.a(gpio_13xx_2.o)
Chip_GPIO_Init                                    C:\Users\chris\Documents\MCUXpressoIDE_11.1.1_3241\workspace\lpc_chip_13xx\Debug\liblpc_chip_13xx.a(gpio_13xx_2.o)
                                                  C:\Users\chris\Documents\MCUXpressoIDE_11.1.1_3241\workspace\lpc_board_nxp_lpcxpresso_1343\Debug\liblpc_board_nxp_lpcxpresso_1343.a(board.o)
Chip_GPIO_SetDir                                  C:\Users\chris\Documents\MCUXpressoIDE_11.1.1_3241\workspace\lpc_chip_13xx\Debug\liblpc_chip_13xx.a(gpio_13xx_2.o)
Chip_GPIO_SetPinDIR                               C:\Users\chris\Documents\MCUXpressoIDE_11.1.1_3241\workspace\lpc_chip_13xx\Debug\liblpc_chip_13xx.a(gpio_13xx_2.o)
Chip_GPIO_SetPortDIR                              C:\Users\chris\Documents\MCUXpressoIDE_11.1.1_3241\workspace\lpc_chip_13xx\Debug\liblpc_chip_13xx.a(gpio_13xx_2.o)
Chip_GPIO_SetupPinInt                             C:\Users\chris\Documents\MCUXpressoIDE_11.1.1_3241\workspace\lpc_chip_13xx\Debug\liblpc_chip_13xx.a(gpio_13xx_2.o)
Chip_GPIO_WriteDirBit                             C:\Users\chris\Documents\MCUXpressoIDE_11.1.1_3241\workspace\lpc_chip_13xx\Debug\liblpc_chip_13xx.a(gpio_13xx_2.o)
                                                  C:\Users\chris\Documents\MCUXpressoIDE_11.1.1_3241\workspace\lpc_board_nxp_lpcxpresso_1343\Debug\liblpc_board_nxp_lpcxpresso_1343.a(board.o)
Chip_SYSCTL_PowerDown                             C:\Users\chris\Documents\MCUXpressoIDE_11.1.1_3241\workspace\lpc_chip_13xx\Debug\liblpc_chip_13xx.a(sysctl_13xx.o)
                                                  C:\Users\chris\Documents\MCUXpressoIDE_11.1.1_3241\workspace\lpc_chip_13xx\Debug\liblpc_chip_13xx.a(sysinit_13xx.o)
Chip_SYSCTL_PowerUp                               C:\Users\chris\Documents\MCUXpressoIDE_11.1.1_3241\workspace\lpc_chip_13xx\Debug\liblpc_chip_13xx.a(sysctl_13xx.o)
                                                  C:\Users\chris\Documents\MCUXpressoIDE_11.1.1_3241\workspace\lpc_chip_13xx\Debug\liblpc_chip_13xx.a(sysinit_13xx.o)
                                                  C:\Users\chris\Documents\MCUXpressoIDE_11.1.1_3241\workspace\lpc_chip_13xx\Debug\liblpc_chip_13xx.a(chip_13xx.o)
Chip_SYSCTL_SetDeepSleepPD                        C:\Users\chris\Documents\MCUXpressoIDE_11.1.1_3241\workspace\lpc_chip_13xx\Debug\liblpc_chip_13xx.a(sysctl_13xx.o)
Chip_SYSCTL_SetWakeup                             C:\Users\chris\Documents\MCUXpressoIDE_11.1.1_3241\workspace\lpc_chip_13xx\Debug\liblpc_chip_13xx.a(sysctl_13xx.o)
Chip_SetupIrcClocking                             C:\Users\chris\Documents\MCUXpressoIDE_11.1.1_3241\workspace\lpc_chip_13xx\Debug\liblpc_chip_13xx.a(sysinit_13xx.o)
Chip_SetupXtalClocking                            C:\Users\chris\Documents\MCUXpressoIDE_11.1.1_3241\workspace\lpc_chip_13xx\Debug\liblpc_chip_13xx.a(sysinit_13xx.o)
                                                  C:\Users\chris\Documents\MCUXpressoIDE_11.1.1_3241\workspace\lpc_board_nxp_lpcxpresso_1343\Debug\liblpc_board_nxp_lpcxpresso_1343.a(board_sysinit.o)
Chip_SystemInit                                   C:\Users\chris\Documents\MCUXpressoIDE_11.1.1_3241\workspace\lpc_chip_13xx\Debug\liblpc_chip_13xx.a(sysinit_13xx.o)
Chip_USB_Init                                     C:\Users\chris\Documents\MCUXpressoIDE_11.1.1_3241\workspace\lpc_chip_13xx\Debug\liblpc_chip_13xx.a(chip_13xx.o)
DebugMon_Handler                                  ./src/cr_startup_lpc13xx.o
ExtRateIn                                         C:\Users\chris\Documents\MCUXpressoIDE_11.1.1_3241\workspace\lpc_board_nxp_lpcxpresso_1343\Debug\liblpc_board_nxp_lpcxpresso_1343.a(board.o)
FMC_IRQHandler                                    ./src/cr_startup_lpc13xx.o
GPIO_GetPinLevel                                  ./lpc1343_gpio/src/gpio.o
GPIO_SetDirection                                 ./lpc1343_gpio/src/gpio.o
GPIO_SetOutputLevel                               ./lpc1343_gpio/src/gpio.o
GPIO_ToggleOutput                                 ./lpc1343_gpio/src/gpio.o
GPIO_TurnOffLED                                   ./lpc1343_gpio/src/gpio.o
GPIO_TurnOnLED                                    ./lpc1343_gpio/src/gpio.o
HardFault_Handler                                 ./src/cr_startup_lpc13xx.o
I2C_IRQHandler                                    ./src/cr_startup_lpc13xx.o
I2C_get_data_buffer                               ./lpc1343_i2c/src/i2c_read.o
I2C_get_monitor                                   ./lpc1343_i2c/src/i2c_monitor.o
I2C_get_status                                    ./lpc1343_i2c/src/i2c_status.o
I2C_init                                          ./lpc1343_i2c/src/i2c_init.o
I2C_read                                          ./lpc1343_i2c/src/i2c_read.o
I2C_read_ctrl_regs                                ./lpc1343_i2c/src/i2c_control.o
I2C_set_mask                                      ./lpc1343_i2c/src/i2c_slave_addr.o
I2C_set_mode                                      ./lpc1343_i2c/src/i2c_mode.o
I2C_set_monitor                                   ./lpc1343_i2c/src/i2c_monitor.o
I2C_set_slave_addr                                ./lpc1343_i2c/src/i2c_slave_addr.o
I2C_start                                         ./lpc1343_i2c/src/i2c_control.o
I2C_stop                                          ./lpc1343_i2c/src/i2c_control.o
I2C_write                                         ./lpc1343_i2c/src/i2c_write.o
I2C_write_ctrl_regs                               ./lpc1343_i2c/src/i2c_control.o
                                                  ./lpc1343_i2c/src/i2c_mode.o
IntDefaultHandler                                 ./src/cr_startup_lpc13xx.o
Joystick_GetStatus                                C:\Users\chris\Documents\MCUXpressoIDE_11.1.1_3241\workspace\lpc_board_nxp_lpcxpresso_1343\Debug\liblpc_board_nxp_lpcxpresso_1343.a(board.o)
MemManage_Handler                                 ./src/cr_startup_lpc13xx.o
NMI_Handler                                       ./src/cr_startup_lpc13xx.o
OscRateIn                                         C:\Users\chris\Documents\MCUXpressoIDE_11.1.1_3241\workspace\lpc_board_nxp_lpcxpresso_1343\Debug\liblpc_board_nxp_lpcxpresso_1343.a(board.o)
                                                  C:\Users\chris\Documents\MCUXpressoIDE_11.1.1_3241\workspace\lpc_chip_13xx\Debug\liblpc_chip_13xx.a(clock_13xx.o)
PIOINT0_IRQHandler                                ./src/cr_startup_lpc13xx.o
PIOINT1_IRQHandler                                ./src/cr_startup_lpc13xx.o
PIOINT2_IRQHandler                                ./src/cr_startup_lpc13xx.o
PIOINT3_IRQHandler                                ./src/cr_startup_lpc13xx.o
PendSV_Handler                                    ./src/cr_startup_lpc13xx.o
ResetISR                                          ./src/cr_startup_lpc13xx.o
SSP0_IRQHandler                                   ./src/cr_startup_lpc13xx.o
SSP1_IRQHandler                                   ./src/cr_startup_lpc13xx.o
SVC_Handler                                       ./src/cr_startup_lpc13xx.o
SysTick_Handler                                   ./src/cr_startup_lpc13xx.o
SystemCoreClock                                   C:\Users\chris\Documents\MCUXpressoIDE_11.1.1_3241\workspace\lpc_chip_13xx\Debug\liblpc_chip_13xx.a(chip_13xx.o)
SystemCoreClockUpdate                             C:\Users\chris\Documents\MCUXpressoIDE_11.1.1_3241\workspace\lpc_chip_13xx\Debug\liblpc_chip_13xx.a(chip_13xx.o)
                                                  ./src/main.o
SystemInit                                        ./src/sysinit.o
                                                  ./src/cr_startup_lpc13xx.o
TIMER16_0_IRQHandler                              ./lpc1343_timer/src/timer.o
                                                  ./src/cr_startup_lpc13xx.o
TIMER16_1_IRQHandler                              ./lpc1343_timer/src/timer.o
                                                  ./src/cr_startup_lpc13xx.o
TIMER32_0_IRQHandler                              ./lpc1343_timer/src/timer.o
                                                  ./src/cr_startup_lpc13xx.o
TIMER32_1_IRQHandler                              ./lpc1343_timer/src/timer.o
                                                  ./src/cr_startup_lpc13xx.o
TIMER_init                                        ./lpc1343_timer/src/timer.o
TIMER_setDutyCycle                                ./lpc1343_timer/src/timer.o
TIMER_start                                       ./lpc1343_timer/src/timer.o
TIMER_startAll                                    ./lpc1343_timer/src/timer.o
TIMER_stop                                        ./lpc1343_timer/src/timer.o
TIMER_stopAll                                     ./lpc1343_timer/src/timer.o
UART_IRQHandler                                   ./lpc1343_uart/src/uart.o
                                                  ./src/cr_startup_lpc13xx.o
UART_init                                         ./lpc1343_uart/src/uart.o
UART_read                                         ./lpc1343_uart/src/uart.o
UART_write                                        ./lpc1343_uart/src/uart.o
USB_FIQHandler                                    ./src/cr_startup_lpc13xx.o
USB_IRQHandler                                    ./src/cr_startup_lpc13xx.o
UsageFault_Handler                                ./src/cr_startup_lpc13xx.o
WAKEUP_IRQHandler                                 ./src/cr_startup_lpc13xx.o
WDT_IRQHandler                                    ./src/cr_startup_lpc13xx.o
__aeabi_cdcmpeq                                   c:/nxp/mcuxpressoide_11.1.1_3241/ide/plugins/com.nxp.mcuxpresso.tools.win32_11.1.0.202001081728/tools/bin/../lib/gcc/arm-none-eabi/8.3.1/thumb/v7-m/nofp\libcr_eabihelpers.a(double.o)
__aeabi_cdcmple                                   c:/nxp/mcuxpressoide_11.1.1_3241/ide/plugins/com.nxp.mcuxpresso.tools.win32_11.1.0.202001081728/tools/bin/../lib/gcc/arm-none-eabi/8.3.1/thumb/v7-m/nofp\libcr_eabihelpers.a(double.o)
__aeabi_cdrcmple                                  c:/nxp/mcuxpressoide_11.1.1_3241/ide/plugins/com.nxp.mcuxpresso.tools.win32_11.1.0.202001081728/tools/bin/../lib/gcc/arm-none-eabi/8.3.1/thumb/v7-m/nofp\libcr_eabihelpers.a(double.o)
__aeabi_d2f                                       c:/nxp/mcuxpressoide_11.1.1_3241/ide/plugins/com.nxp.mcuxpresso.tools.win32_11.1.0.202001081728/tools/bin/../lib/gcc/arm-none-eabi/8.3.1/thumb/v7-m/nofp\libcr_eabihelpers.a(double.o)
__aeabi_d2iz                                      c:/nxp/mcuxpressoide_11.1.1_3241/ide/plugins/com.nxp.mcuxpresso.tools.win32_11.1.0.202001081728/tools/bin/../lib/gcc/arm-none-eabi/8.3.1/thumb/v7-m/nofp\libcr_eabihelpers.a(double.o)
__aeabi_d2lz                                      c:/nxp/mcuxpressoide_11.1.1_3241/ide/plugins/com.nxp.mcuxpresso.tools.win32_11.1.0.202001081728/tools/bin/../lib/gcc/arm-none-eabi/8.3.1/thumb/v7-m/nofp\libcr_eabihelpers.a(double.o)
__aeabi_d2uiz                                     c:/nxp/mcuxpressoide_11.1.1_3241/ide/plugins/com.nxp.mcuxpresso.tools.win32_11.1.0.202001081728/tools/bin/../lib/gcc/arm-none-eabi/8.3.1/thumb/v7-m/nofp\libcr_eabihelpers.a(double.o)
                                                  ./lpc1343_timer/src/timer.o
__aeabi_d2ulz                                     c:/nxp/mcuxpressoide_11.1.1_3241/ide/plugins/com.nxp.mcuxpresso.tools.win32_11.1.0.202001081728/tools/bin/../lib/gcc/arm-none-eabi/8.3.1/thumb/v7-m/nofp\libcr_eabihelpers.a(double.o)
__aeabi_dadd                                      c:/nxp/mcuxpressoide_11.1.1_3241/ide/plugins/com.nxp.mcuxpresso.tools.win32_11.1.0.202001081728/tools/bin/../lib/gcc/arm-none-eabi/8.3.1/thumb/v7-m/nofp\libcr_eabihelpers.a(double.o)
__aeabi_dcmpeq                                    c:/nxp/mcuxpressoide_11.1.1_3241/ide/plugins/com.nxp.mcuxpresso.tools.win32_11.1.0.202001081728/tools/bin/../lib/gcc/arm-none-eabi/8.3.1/thumb/v7-m/nofp\libcr_eabihelpers.a(double.o)
__aeabi_dcmpge                                    c:/nxp/mcuxpressoide_11.1.1_3241/ide/plugins/com.nxp.mcuxpresso.tools.win32_11.1.0.202001081728/tools/bin/../lib/gcc/arm-none-eabi/8.3.1/thumb/v7-m/nofp\libcr_eabihelpers.a(double.o)
__aeabi_dcmpgt                                    c:/nxp/mcuxpressoide_11.1.1_3241/ide/plugins/com.nxp.mcuxpresso.tools.win32_11.1.0.202001081728/tools/bin/../lib/gcc/arm-none-eabi/8.3.1/thumb/v7-m/nofp\libcr_eabihelpers.a(double.o)
__aeabi_dcmple                                    c:/nxp/mcuxpressoide_11.1.1_3241/ide/plugins/com.nxp.mcuxpresso.tools.win32_11.1.0.202001081728/tools/bin/../lib/gcc/arm-none-eabi/8.3.1/thumb/v7-m/nofp\libcr_eabihelpers.a(double.o)
__aeabi_dcmplt                                    c:/nxp/mcuxpressoide_11.1.1_3241/ide/plugins/com.nxp.mcuxpresso.tools.win32_11.1.0.202001081728/tools/bin/../lib/gcc/arm-none-eabi/8.3.1/thumb/v7-m/nofp\libcr_eabihelpers.a(double.o)
__aeabi_dcmpun                                    c:/nxp/mcuxpressoide_11.1.1_3241/ide/plugins/com.nxp.mcuxpresso.tools.win32_11.1.0.202001081728/tools/bin/../lib/gcc/arm-none-eabi/8.3.1/thumb/v7-m/nofp\libcr_eabihelpers.a(double.o)
__aeabi_ddiv                                      c:/nxp/mcuxpressoide_11.1.1_3241/ide/plugins/com.nxp.mcuxpresso.tools.win32_11.1.0.202001081728/tools/bin/../lib/gcc/arm-none-eabi/8.3.1/thumb/v7-m/nofp\libcr_eabihelpers.a(double.o)
                                                  ./lpc1343_timer/src/timer.o
__aeabi_dmul                                      c:/nxp/mcuxpressoide_11.1.1_3241/ide/plugins/com.nxp.mcuxpresso.tools.win32_11.1.0.202001081728/tools/bin/../lib/gcc/arm-none-eabi/8.3.1/thumb/v7-m/nofp\libcr_eabihelpers.a(double.o)
                                                  ./lpc1343_timer/src/timer.o
__aeabi_dneg                                      c:/nxp/mcuxpressoide_11.1.1_3241/ide/plugins/com.nxp.mcuxpresso.tools.win32_11.1.0.202001081728/tools/bin/../lib/gcc/arm-none-eabi/8.3.1/thumb/v7-m/nofp\libcr_eabihelpers.a(double.o)
__aeabi_drsub                                     c:/nxp/mcuxpressoide_11.1.1_3241/ide/plugins/com.nxp.mcuxpresso.tools.win32_11.1.0.202001081728/tools/bin/../lib/gcc/arm-none-eabi/8.3.1/thumb/v7-m/nofp\libcr_eabihelpers.a(double.o)
__aeabi_dsub                                      c:/nxp/mcuxpressoide_11.1.1_3241/ide/plugins/com.nxp.mcuxpresso.tools.win32_11.1.0.202001081728/tools/bin/../lib/gcc/arm-none-eabi/8.3.1/thumb/v7-m/nofp\libcr_eabihelpers.a(double.o)
                                                  ./lpc1343_timer/src/timer.o
__aeabi_i2d                                       c:/nxp/mcuxpressoide_11.1.1_3241/ide/plugins/com.nxp.mcuxpresso.tools.win32_11.1.0.202001081728/tools/bin/../lib/gcc/arm-none-eabi/8.3.1/thumb/v7-m/nofp\libcr_eabihelpers.a(double.o)
__aeabi_l2d                                       c:/nxp/mcuxpressoide_11.1.1_3241/ide/plugins/com.nxp.mcuxpresso.tools.win32_11.1.0.202001081728/tools/bin/../lib/gcc/arm-none-eabi/8.3.1/thumb/v7-m/nofp\libcr_eabihelpers.a(double.o)
__aeabi_ui2d                                      c:/nxp/mcuxpressoide_11.1.1_3241/ide/plugins/com.nxp.mcuxpresso.tools.win32_11.1.0.202001081728/tools/bin/../lib/gcc/arm-none-eabi/8.3.1/thumb/v7-m/nofp\libcr_eabihelpers.a(double.o)
                                                  ./lpc1343_timer/src/timer.o
__aeabi_ul2d                                      c:/nxp/mcuxpressoide_11.1.1_3241/ide/plugins/com.nxp.mcuxpresso.tools.win32_11.1.0.202001081728/tools/bin/../lib/gcc/arm-none-eabi/8.3.1/thumb/v7-m/nofp\libcr_eabihelpers.a(double.o)
__bhs_ui2d                                        c:/nxp/mcuxpressoide_11.1.1_3241/ide/plugins/com.nxp.mcuxpresso.tools.win32_11.1.0.202001081728/tools/bin/../lib/gcc/arm-none-eabi/8.3.1/thumb/v7-m/nofp\libcr_eabihelpers.a(double.o)
__bhs_ul2d                                        c:/nxp/mcuxpressoide_11.1.1_3241/ide/plugins/com.nxp.mcuxpresso.tools.win32_11.1.0.202001081728/tools/bin/../lib/gcc/arm-none-eabi/8.3.1/thumb/v7-m/nofp\libcr_eabihelpers.a(double.o)
__bss_section_table_end                           ./src/cr_startup_lpc13xx.o
__data_section_table                              ./src/cr_startup_lpc13xx.o
__data_section_table_end                          ./src/cr_startup_lpc13xx.o
__main                                            c:/nxp/mcuxpressoide_11.1.1_3241/ide/plugins/com.nxp.mcuxpresso.tools.win32_11.1.0.202001081728/tools/bin/../lib/gcc/arm-none-eabi/8.3.1/../../../../arm-none-eabi/lib/thumb/v7-m/nofp\libcr_c.a(__weak__main.o)
                                                  ./src/cr_startup_lpc13xx.o
__sys_readc                                       C:\Users\chris\Documents\MCUXpressoIDE_11.1.1_3241\workspace\lpc_board_nxp_lpcxpresso_1343\Debug\liblpc_board_nxp_lpcxpresso_1343.a(board.o)
__sys_write                                       C:\Users\chris\Documents\MCUXpressoIDE_11.1.1_3241\workspace\lpc_board_nxp_lpcxpresso_1343\Debug\liblpc_board_nxp_lpcxpresso_1343.a(board.o)
__valid_user_code_checksum                        ./src/cr_startup_lpc13xx.o
__weak_main                                       c:/nxp/mcuxpressoide_11.1.1_3241/ide/plugins/com.nxp.mcuxpresso.tools.win32_11.1.0.202001081728/tools/bin/../lib/gcc/arm-none-eabi/8.3.1/../../../../arm-none-eabi/lib/thumb/v7-m/nofp\libcr_c.a(__weak__main.o)
_vStackTop                                        ./src/cr_startup_lpc13xx.o
bss_init                                          ./src/cr_startup_lpc13xx.o
data_init                                         ./src/cr_startup_lpc13xx.o
g_pfnVectors                                      ./src/cr_startup_lpc13xx.o
main                                              ./src/main.o
                                                  c:/nxp/mcuxpressoide_11.1.1_3241/ide/plugins/com.nxp.mcuxpresso.tools.win32_11.1.0.202001081728/tools/bin/../lib/gcc/arm-none-eabi/8.3.1/../../../../arm-none-eabi/lib/thumb/v7-m/nofp\libcr_c.a(__weak__main.o)
