core_cm3.h:1323:22:NVIC_EnableIRQ	16	static
core_cm3.h:1375:22:NVIC_ClearPendingIRQ	16	static
core_cm3.h:1405:22:NVIC_SetPriority	16	static
timer.c:9:6:TIMER_init	32	static
timer.c:91:6:TIMER_start	16	static
timer.c:99:6:TIMER_stop	16	static
timer.c:107:6:TIMER_startAll	8	static
timer.c:115:6:TIMER_stopAll	8	static
timer.c:123:6:TIMER_setDutyCycle	40	static
timer.c:138:6:TIMER16_0_IRQHandler	8	static
timer.c:149:6:TIMER16_1_IRQHandler	8	static
timer.c:160:6:TIMER32_0_IRQHandler	8	static
timer.c:198:6:TIMER32_1_IRQHandler	8	static
